Component: ARM Compiler 5.06 update 6 (build 750) Tool: armlink [4d35ed]

==============================================================================

Section Cross References

    main.o(.text) refers to _printf_percent.o(.ARM.Collect$$_printf_percent$$00000000) for _printf_percent
    main.o(.text) refers to sys.o(.text) for Stm32_Clock_Init
    main.o(.text) refers to delay.o(.text) for delay_init
    main.o(.text) refers to led.o(.text) for led_init
    main.o(.text) refers to nrf.o(.text) for NRF24L01_Init
    main.o(.text) refers to motor.o(.text) for PWM2_init
    main.o(.text) refers to usart.o(.text) for USART1_init
    main.o(.text) refers to oled.o(.text) for OLED_init
    main.o(.text) refers to __2printf.o(.text) for __2printf
    main.o(.text) refers to rt_memclr_w.o(.text) for __aeabi_memclr4
    main.o(.text) refers to usart.o(.bss) for USART_RX_BUF
    stm32f10x_adc.o(.text) refers to stm32f10x_rcc.o(.text) for RCC_APB2PeriphResetCmd
    stm32f10x_bkp.o(.text) refers to stm32f10x_rcc.o(.text) for RCC_BackupResetCmd
    stm32f10x_can.o(.text) refers to stm32f10x_rcc.o(.text) for RCC_APB1PeriphResetCmd
    stm32f10x_cec.o(.text) refers to stm32f10x_rcc.o(.text) for RCC_APB1PeriphResetCmd
    stm32f10x_dac.o(.text) refers to stm32f10x_rcc.o(.text) for RCC_APB1PeriphResetCmd
    stm32f10x_gpio.o(.text) refers to stm32f10x_rcc.o(.text) for RCC_APB2PeriphResetCmd
    stm32f10x_i2c.o(.text) refers to stm32f10x_rcc.o(.text) for RCC_APB1PeriphResetCmd
    stm32f10x_pwr.o(.text) refers to stm32f10x_rcc.o(.text) for RCC_APB1PeriphResetCmd
    stm32f10x_rcc.o(.text) refers to stm32f10x_rcc.o(.data) for APBAHBPrescTable
    stm32f10x_spi.o(.text) refers to stm32f10x_rcc.o(.text) for RCC_APB2PeriphResetCmd
    stm32f10x_tim.o(.text) refers to stm32f10x_rcc.o(.text) for RCC_APB2PeriphResetCmd
    stm32f10x_usart.o(.text) refers to stm32f10x_rcc.o(.text) for RCC_APB2PeriphResetCmd
    stm32f10x_wwdg.o(.text) refers to stm32f10x_rcc.o(.text) for RCC_APB1PeriphResetCmd
    system_stm32f10x.o(.text) refers to system_stm32f10x.o(.data) for SystemCoreClock
    startup_stm32f10x_hd.o(STACK) refers (Special) to heapauxi.o(.text) for __use_two_region_memory
    startup_stm32f10x_hd.o(HEAP) refers (Special) to heapauxi.o(.text) for __use_two_region_memory
    startup_stm32f10x_hd.o(RESET) refers (Special) to heapauxi.o(.text) for __use_two_region_memory
    startup_stm32f10x_hd.o(RESET) refers to startup_stm32f10x_hd.o(STACK) for __initial_sp
    startup_stm32f10x_hd.o(RESET) refers to startup_stm32f10x_hd.o(.text) for Reset_Handler
    startup_stm32f10x_hd.o(RESET) refers to stm32f10x_it.o(.text) for NMI_Handler
    startup_stm32f10x_hd.o(RESET) refers to kalman.o(.text) for TIM1_UP_IRQHandler
    startup_stm32f10x_hd.o(RESET) refers to usart.o(.text) for USART1_IRQHandler
    startup_stm32f10x_hd.o(RESET) refers to mpu6050.o(.text) for TIM5_IRQHandler
    startup_stm32f10x_hd.o(.text) refers (Special) to heapauxi.o(.text) for __use_two_region_memory
    startup_stm32f10x_hd.o(.text) refers to system_stm32f10x.o(.text) for SystemInit
    startup_stm32f10x_hd.o(.text) refers to __main.o(!!!main) for __main
    startup_stm32f10x_hd.o(.text) refers to startup_stm32f10x_hd.o(HEAP) for Heap_Mem
    startup_stm32f10x_hd.o(.text) refers to startup_stm32f10x_hd.o(STACK) for Stack_Mem
    key.o(.text) refers to delay.o(.text) for delay_ms
    oled.o(.text) refers to _printf_percent.o(.ARM.Collect$$_printf_percent$$00000000) for _printf_percent
    oled.o(.text) refers to _printf_f.o(.ARM.Collect$$_printf_percent$$00000003) for _printf_f
    oled.o(.text) refers to printf1.o(x$fpl$printf1) for _printf_fp_dec
    oled.o(.text) refers to delay.o(.text) for delay_us
    oled.o(.text) refers to ffixu.o(x$fpl$ffixu) for __aeabi_f2uiz
    oled.o(.text) refers to oled.o(.constdata) for X8Y16
    oled.o(.text) refers to oled.o(.data) for NUMx8y16
    oled.o(.text) refers to fflt_clz.o(x$fpl$ffltu) for __aeabi_ui2f
    oled.o(.text) refers to faddsub_clz.o(x$fpl$frsb) for __aeabi_frsub
    oled.o(.text) refers to fmul.o(x$fpl$fmul) for __aeabi_fmul
    oled.o(.text) refers to f2d.o(x$fpl$f2d) for __aeabi_f2d
    oled.o(.text) refers to __2sprintf.o(.text) for __2sprintf
    nrf.o(.text) refers to nrf.o(.constdata) for RX_ADDRESS
    mpu6050.o(.text) refers to delay.o(.text) for delay_us
    mpu6050.o(.text) refers to fflt_clz.o(x$fpl$ffltu) for __aeabi_ui2f
    mpu6050.o(.text) refers to faddsub_clz.o(x$fpl$fadd) for __aeabi_fadd
    mpu6050.o(.text) refers to f2d.o(x$fpl$f2d) for __aeabi_f2d
    mpu6050.o(.text) refers to ddiv.o(x$fpl$ddiv) for __aeabi_ddiv
    mpu6050.o(.text) refers to d2f.o(x$fpl$d2f) for __aeabi_d2f
    mpu6050.o(.text) refers to frleqf.o(x$fpl$frleqf) for __aeabi_cfrcmple
    mpu6050.o(.text) refers to faddsub_clz.o(x$fpl$fsub) for __aeabi_fsub
    mpu6050.o(.text) refers to fdiv.o(x$fpl$fdiv) for __aeabi_fdiv
    mpu6050.o(.text) refers to atan.o(i.atan) for atan
[...]
    .text                                    0x08002ab8   Section        0  kalman.o(.text)
    .text                                    0x08002ec8   Section        2  use_no_semi_2.o(.text)
    .text                                    0x08002ecc   Section        0  c89printf.o(.text)
    .text                                    0x08002ee4   Section        0  __2printf.o(.text)
    .text                                    0x08002efc   Section        0  __2sprintf.o(.text)
    .text                                    0x08002f28   Section        0  __printf_flags_ss_wp.o(.text)
    .text                                    0x080030b0   Section       68  rt_memclr.o(.text)
    .text                                    0x080030f4   Section       78  rt_memclr_w.o(.text)
    .text                                    0x08003142   Section        0  heapauxi.o(.text)
    .text                                    0x08003148   Section        2  use_no_semi.o(.text)
    .text                                    0x0800314a   Section        0  _printf_pad.o(.text)
    .text                                    0x08003198   Section        0  _printf_truncate.o(.text)
    .text                                    0x080031bc   Section        0  _printf_str.o(.text)
    .text                                    0x08003210   Section        0  _printf_dec.o(.text)
    .text                                    0x08003288   Section        0  _printf_charcount.o(.text)
    .text                                    0x080032b0   Section        0  _printf_fp_dec.o(.text)
    _fp_digits                               0x080032b3   Thumb Code   432  _printf_fp_dec.o(.text)
    .text                                    0x080036d0   Section        0  _printf_char_common.o(.text)
    _printf_input_char                       0x080036d1   Thumb Code    10  _printf_char_common.o(.text)
    .text                                    0x08003700   Section        0  _sputc.o(.text)
    .text                                    0x0800370c   Section        0  _printf_char_file.o(.text)
    .text                                    0x08003730   Section        0  _printf_wctomb.o(.text)
    .text                                    0x080037ec   Section        0  _printf_longlong_dec.o(.text)
    .text                                    0x08003868   Section        0  _printf_oct_int_ll.o(.text)
    _printf_longlong_oct_internal            0x08003869   Thumb Code     0  _printf_oct_int_ll.o(.text)
    .text                                    0x080038d8   Section        0  _printf_hex_int_ll_ptr.o(.text)
    _printf_hex_common                       0x080038d9   Thumb Code     0  _printf_hex_int_ll_ptr.o(.text)
    .text                                    0x0800396c   Section        8  rt_locale_intlibspace.o(.text)
    .text                                    0x08003974   Section      138  lludiv10.o(.text)
    .text                                    0x080039fe   Section        0  _printf_intcommon.o(.text)
    .text                                    0x08003ab0   Section        0  _printf_fp_infnan.o(.text)
    .text                                    0x08003b30   Section        0  _printf_char.o(.text)
    .text                                    0x08003b5c   Section        0  _printf_wchar.o(.text)
    .text                                    0x08003b88   Section        0  bigflt0.o(.text)
    .text                                    0x08003c6c   Section        0  ferror.o(.text)
    .text                                    0x08003c74   Section        0  _wcrtomb.o(.text)
    .text                                    0x08003cb4   Section        8  libspace.o(.text)
    .text                                    0x08003cbc   Section       74  sys_stackheap_outer.o(.text)
    .text                                    0x08003d08   Section       16  rt_ctype_table.o(.text)
    .text                                    0x08003d18   Section        0  exit.o(.text)
    .text                                    0x08003d2c   Section      128  strcmpv7m.o(.text)
    CL$$btod_d2e                             0x08003dac   Section       62  btod.o(CL$$btod_d2e)
    CL$$btod_d2e_denorm_low                  0x08003dea   Section       70  btod.o(CL$$btod_d2e_denorm_low)
    CL$$btod_d2e_norm_op1                    0x08003e30   Section       96  btod.o(CL$$btod_d2e_norm_op1)
    CL$$btod_div_common                      0x08003e90   Section      824  btod.o(CL$$btod_div_common)
    CL$$btod_e2e                             0x080041c8   Section      220  btod.o(CL$$btod_e2e)
    CL$$btod_ediv                            0x080042a4   Section       42  btod.o(CL$$btod_ediv)
    CL$$btod_emul                            0x080042ce   Section       42  btod.o(CL$$btod_emul)
    CL$$btod_mult_common                     0x080042f8   Section      580  btod.o(CL$$btod_mult_common)
    i.__ARM_fpclassify                       0x0800453c   Section        0  fpclassify.o(i.__ARM_fpclassify)
    i.__kernel_poly                          0x08004564   Section        0  poly.o(i.__kernel_poly)
    i.__mathlib_dbl_infnan                   0x0800460e   Section        0  dunder.o(i.__mathlib_dbl_infnan)
    i.__mathlib_dbl_underflow                0x08004614   Section        0  dunder.o(i.__mathlib_dbl_underflow)
    i._is_digit                              0x08004624   Section        0  __printf_wp.o(i._is_digit)
    i.atan                                   0x08004634   Section        0  atan.o(i.atan)
    locale$$code                             0x08004854   Section       44  lc_numeric_c.o(locale$$code)
    locale$$code                             0x08004880   Section       44  lc_ctype_c.o(locale$$code)
    x$fpl$d2f                                0x080048ac   Section       98  d2f.o(x$fpl$d2f)
    x$fpl$dadd                               0x08004910   Section      336  daddsub_clz.o(x$fpl$dadd)
    _dadd1                                   0x08004921   Thumb Code     0  daddsub_clz.o(x$fpl$dadd)
    x$fpl$dcheck1                            0x08004a60   Section       16  dcheck1.o(x$fpl$dcheck1)
    x$fpl$dcmpinf                            0x08004a70   Section       24  dcmpi.o(x$fpl$dcmpinf)
    x$fpl$ddiv                               0x08004a88   Section      688  ddiv.o(x$fpl$ddiv)
    ddiv_entry                               0x08004a8f   Thumb Code     0  ddiv.o(x$fpl$ddiv)
    x$fpl$dleqf                              0x08004d38   Section      120  dleqf.o(x$fpl$dleqf)
    x$fpl$dmul                               0x08004db0   Section      340  dmul.o(x$fpl$dmul)
    x$fpl$dnaninf                            0x08004f04   Section      156  dnaninf.o(x$fpl$dnaninf)
    x$fpl$dretinf                            0x08004fa0   Section       12  dretinf.o(x$fpl$dretinf)
    x$fpl$drleqf                             0x08004fac   Section      108  drleqf.o(x$fpl$drleqf)
    x$fpl$drsb                               0x08005018   Section       22  daddsub_clz.o(x$fpl$drsb)
    x$fpl$dsub                               0x08005030   Section      468  daddsub_clz.o(x$fpl$dsub)
    _dsub1                                   0x08005041   Thumb Code     0  daddsub_clz.o(x$fpl$dsub)
    x$fpl$f2d                                0x08005204   Section       86  f2d.o(x$fpl$f2d)
    x$fpl$fadd                               0x0800525c   Section      196  faddsub_clz.o(x$fpl$fadd)
    _fadd1                                   0x0800526b   Thumb Code     0  faddsub_clz.o(x$fpl$fadd)
    x$fpl$fcmpinf                            0x08005320   Section       24  fcmpi.o(x$fpl$fcmpinf)
    x$fpl$fdiv                               0x08005338   Section      388  fdiv.o(x$fpl$fdiv)
    _fdiv1                                   0x08005339   Thumb Code     0  fdiv.o(x$fpl$fdiv)
    x$fpl$ffixu                              0x080054bc   Section       62  ffixu.o(x$fpl$ffixu)
    x$fpl$fflt                               0x080054fc   Section       48  fflt_clz.o(x$fpl$fflt)
    x$fpl$ffltu                              0x0800552c   Section       38  fflt_clz.o(x$fpl$ffltu)
    x$fpl$fleqf                              0x08005554   Section      104  fleqf.o(x$fpl$fleqf)
    x$fpl$fmul                               0x080055bc   Section      258  fmul.o(x$fpl$fmul)
    x$fpl$fnaninf                            0x080056be   Section      140  fnaninf.o(x$fpl$fnaninf)
    x$fpl$fretinf                            0x0800574a   Section       10  fretinf.o(x$fpl$fretinf)
    x$fpl$frleqf                             0x08005754   Section       98  frleqf.o(x$fpl$frleqf)
    x$fpl$frsb                               0x080057b6   Section       20  faddsub_clz.o(x$fpl$frsb)
    x$fpl$fsub                               0x080057cc   Section      234  faddsub_clz.o(x$fpl$fsub)
    _fsub1                                   0x080057db   Thumb Code     0  faddsub_clz.o(x$fpl$fsub)
    x$fpl$printf1                            0x080058b6   Section        4  printf1.o(x$fpl$printf1)
    x$fpl$retnan                             0x080058ba   Section      100  retnan.o(x$fpl$retnan)
    x$fpl$scalbn                             0x0800591e   Section       92  scalbn.o(x$fpl$scalbn)
    x$fpl$trapveneer                         0x0800597a   Section       48  trapv.o(x$fpl$trapveneer)
    .constdata                               0x080059aa   Section     2072  oled.o(.constdata)
    x$fpl$usenofp                            0x080059aa   Section        0  usenofp.o(x$fpl$usenofp)
    .constdata                               0x080061c2   Section       10  nrf.o(.constdata)
    .constdata                               0x080061cc   Section       17  __printf_flags_ss_wp.o(.constdata)
    maptable                                 0x080061cc   Data          17  __printf_flags_ss_wp.o(.constdata)
    .constdata                               0x080061e0   Section      152  atan.o(.constdata)
    atanhi                                   0x080061e0   Data          32  atan.o(.constdata)
    atanlo                                   0x08006200   Data          32  atan.o(.constdata)
    aTodd                                    0x08006220   Data          40  atan.o(.constdata)
    aTeven                                   0x08006248   Data          48  atan.o(.constdata)
    .constdata                               0x08006278   Section        8  _printf_wctomb.o(.constdata)
    initial_mbstate                          0x08006278   Data           8  _printf_wctomb.o(.constdata)
    .constdata                               0x08006280   Section       40  _printf_hex_int_ll_ptr.o(.constdata)
    uc_hextab                                0x08006280   Data          20  _printf_hex_int_ll_ptr.o(.constdata)
    lc_hextab                                0x08006294   Data          20  _printf_hex_int_ll_ptr.o(.constdata)
    .constdata                               0x080062a8   Section      148  bigflt0.o(.constdata)
    tenpwrs_x                                0x080062a8   Data          60  bigflt0.o(.constdata)
    tenpwrs_i                                0x080062e4   Data          64  bigflt0.o(.constdata)
    locale$$data                             0x0800635c   Section       28  lc_numeric_c.o(locale$$data)
    __lcnum_c_name                           0x08006360   Data           2  lc_numeric_c.o(locale$$data)
    __lcnum_c_start                          0x08006368   Data           0  lc_numeric_c.o(locale$$data)
    __lcnum_c_point                          0x08006374   Data           0  lc_numeric_c.o(locale$$data)
    __lcnum_c_thousands                      0x08006376   Data           0  lc_numeric_c.o(locale$$data)
    __lcnum_c_grouping                       0x08006377   Data           0  lc_numeric_c.o(locale$$data)
    locale$$data                             0x08006378   Section      272  lc_ctype_c.o(locale$$data)
    __lcnum_c_end                            0x08006378   Data           0  lc_numeric_c.o(locale$$data)
    __lcctype_c_name                         0x0800637c   Data           2  lc_ctype_c.o(locale$$data)
    __lcctype_c_start                        0x08006384   Data           0  lc_ctype_c.o(locale$$data)
    __lcctype_c_end                          0x08006488   Data           0  lc_ctype_c.o(locale$$data)
    .data                                    0x20000000   Section       20  system_stm32f10x.o(.data)
    .data                                    0x20000014   Section      252  oled.o(.data)
    .data                                    0x20000110   Section       44  mpu6050.o(.data)
    Ay_offset                                0x20000114   Data           4  mpu6050.o(.data)
    Ax_offset                                0x20000118   Data           4  mpu6050.o(.data)
    i                                        0x2000011c   Data           1  mpu6050.o(.data)
    i                                        0x2000011d   Data           1  mpu6050.o(.data)
    gx_offset                                0x20000120   Data           4  mpu6050.o(.data)
    gy_offset                                0x20000124   Data           4  mpu6050.o(.data)
    gz_offset                                0x20000128   Data           4  mpu6050.o(.data)
    i                                        0x2000012c   Data           1  mpu6050.o(.data)
    gx_offset                                0x20000130   Data           4  mpu6050.o(.data)
    gy_offset                                0x20000134   Data           4  mpu6050.o(.data)
    gz_offset                                0x20000138   Data           4  mpu6050.o(.data)
    .data                                    0x2000013c   Section        4  delay.o(.data)
    fac_us                                   0x2000013c   Data           1  delay.o(.data)
    fac_ms                                   0x2000013e   Data           2  delay.o(.data)
    .data                                    0x20000140   Section        6  usart.o(.data)
    .data                                    0x20000148   Section       44  kalman.o(.data)
    Q                                        0x2000014c   Data           4  kalman.o(.data)
    R                                        0x20000150   Data           4  kalman.o(.data)
    Pk_1_pit                                 0x20000154   Data           4  kalman.o(.data)
    Pk_1_rol                                 0x20000158   Data           4  kalman.o(.data)
    Kp_pit                                   0x2000015c   Data           4  kalman.o(.data)
    Ti_pit                                   0x20000160   Data           4  kalman.o(.data)
    Td_pit                                   0x20000164   Data           4  kalman.o(.data)
    Kp_roll                                  0x20000168   Data           4  kalman.o(.data)
    Ti_roll                                  0x2000016c   Data           4  kalman.o(.data)
    Td_roll                                  0x20000170   Data           4  kalman.o(.data)
    .bss                                     0x20000174   Section      200  usart.o(.bss)
    .bss                                     0x2000023c   Section       96  libspace.o(.bss)
    HEAP                                     0x200002a0   Section      512  startup_stm32f10x_hd.o(HEAP)
    Heap_Mem                                 0x200002a0   Data         512  startup_stm32f10x_hd.o(HEAP)
    STACK                                    0x200004a0   Section     1024  startup_stm32f10x_hd.o(STACK)
    Stack_Mem                                0x200004a0   Data        1024  startup_stm32f10x_hd.o(STACK)
    __initial_sp                             0x200008a0   Data           0  startup_stm32f10x_hd.o(STACK)

    Global Symbols

    Symbol Name                              Value     Ov Type        Size  Object(Section)

    BuildAttributes$$THM_ISAv4$P$D$K$B$S$PE$A:L22UL41UL21$X:L11$S22US41US21$IEEE1$IW$USESV6$~STKCKD$USESV7$~SHL$OTIME$ROPI$IEEEX$EBA8$UX$STANDARDLIB$REQ8$PRES8$EABIv2 0x00000000   Number         0  anon$$obj.o ABSOLUTE
    __ARM_use_no_argv                        0x00000000   Number         0  main.o ABSOLUTE
    _printf_flags                            0x00000000   Number         0  printf_stubs.o ABSOLUTE
    _printf_return_value                     0x00000000   Number         0  printf_stubs.o ABSOLUTE
    _printf_sizespec                         0x00000000   Number         0  printf_stubs.o ABSOLUTE
    _printf_widthprec                        0x00000000   Number         0  printf_stubs.o ABSOLUTE
    __ARM_exceptions_init                     - Undefined Weak Reference
    __alloca_initialize                       - Undefined Weak Reference
    __arm_preinit_                            - Undefined Weak Reference
    __cpp_initialize__aeabi_                  - Undefined Weak Reference
    __cxa_finalize                            - Undefined Weak Reference
    __sigvec_lookup                           - Undefined Weak Reference
    _atexit_init                              - Undefined Weak Reference
    _call_atexit_fns                          - Undefined Weak Reference
    _clock_init                               - Undefined Weak Reference
    _fp_trap_init                             - Undefined Weak Reference
    _fp_trap_shutdown                         - Undefined Weak Reference
    _get_lc_collate                           - Undefined Weak Reference
    _get_lc_monetary                          - Undefined Weak Reference
    _get_lc_time                              - Undefined Weak Reference
    _getenv_init                              - Undefined Weak Reference
    _handle_redirection                       - Undefined Weak Reference
    _init_alloc                               - Undefined Weak Reference
    _init_user_alloc                          - Undefined Weak Reference
    _initio                                   - Undefined Weak Reference
    _mutex_acquire                            - Undefined Weak Reference
    _mutex_release                            - Undefined Weak Reference
    _printf_fp_hex                            - Undefined Weak Reference
    _printf_mbtowc                            - Undefined Weak Reference
    _printf_wc                                - Undefined Weak Reference
    _rand_init                                - Undefined Weak Reference
    _signal_finish                            - Undefined Weak Reference
    _signal_init                              - Undefined Weak Reference
    _terminate_alloc                          - Undefined Weak Reference
    _terminate_user_alloc                     - Undefined Weak Reference
    _terminateio                              - Undefined Weak Reference
    __Vectors_Size                           0x00000130   Number         0  startup_stm32f10x_hd.o ABSOLUTE
    __Vectors                                0x08000000   Data           4  startup_stm32f10x_hd.o(RESET)
    __Vectors_End                            0x08000130   Data           0  startup_stm32f10x_hd.o(RESET)
    __main                                   0x08000131   Thumb Code     8  __main.o(!!!main)
    __scatterload                            0x08000139   Thumb Code     0  __scatter.o(!!!scatter)
    __scatterload_rt2                        0x08000139   Thumb Code    44  __scatter.o(!!!scatter)
    __scatterload_rt2_thumb_only             0x08000139   Thumb Code     0  __scatter.o(!!!scatter)
    __scatterload_null                       0x08000147   Thumb Code     0  __scatter.o(!!!scatter)
    __decompress                             0x0800016d   Thumb Code    90  __dczerorl2.o(!!dczerorl2)
    __decompress1                            0x0800016d   Thumb Code     0  __dczerorl2.o(!!dczerorl2)
    __scatterload_zeroinit                   0x080001c9   Thumb Code    28  __scatter_zi.o(!!handler_zi)
    _printf_n                                0x080001e5   Thumb Code     0  _printf_n.o(.ARM.Collect$$_printf_percent$$00000001)
    _printf_percent                          0x080001e5   Thumb Code     0  _printf_percent.o(.ARM.Collect$$_printf_percent$$00000000)
    _printf_p                                0x080001eb   Thumb Code     0  _printf_p.o(.ARM.Collect$$_printf_percent$$00000002)
    _printf_f                                0x080001f1   Thumb Code     0  _printf_f.o(.ARM.Collect$$_printf_percent$$00000003)
    _printf_e                                0x080001f7   Thumb Code     0  _printf_e.o(.ARM.Collect$$_printf_percent$$00000004)
    _printf_g                                0x080001fd   Thumb Code     0  _printf_g.o(.ARM.Collect$$_printf_percent$$00000005)
    _printf_a                                0x08000203   Thumb Code     0  _printf_a.o(.ARM.Collect$$_printf_percent$$00000006)
    _printf_ll                               0x08000209   Thumb Code     0  _printf_ll.o(.ARM.Collect$$_printf_percent$$00000007)
    _printf_i                                0x08000213   Thumb Code     0  _printf_i.o(.ARM.Collect$$_printf_percent$$00000008)
    _printf_d                                0x08000219   Thumb Code     0  _printf_d.o(.ARM.Collect$$_printf_percent$$00000009)
    _printf_u                                0x0800021f   Thumb Code     0  _printf_u.o(.ARM.Collect$$_printf_percent$$0000000A)
    _printf_o                                0x08000225   Thumb Code     0  _printf_o.o(.ARM.Collect$$_printf_percent$$0000000B)
    _printf_x                                0x0800022b   Thumb Code     0  _printf_x.o(.ARM.Collect$$_printf_percent$$0000000C)
    _printf_lli                              0x08000231   Thumb Code     0  _printf_lli.o(.ARM.Collect$$_printf_percent$$0000000D)
    _printf_lld                              0x08000237   Thumb Code     0  _printf_lld.o(.ARM.Collect$$_printf_percent$$0000000E)
    _printf_llu                              0x0800023d   Thumb Code     0  _printf_llu.o(.ARM.Collect$$_printf_percent$$0000000F)
    _printf_llo                              0x08000243   Thumb Code     0  _printf_llo.o(.ARM.Collect$$_printf_percent$$00000010)
    _printf_llx                              0x08000249   Thumb Code     0  _printf_llx.o(.ARM.Collect$$_printf_percent$$00000011)
    _printf_l                                0x0800024f   Thumb Code     0  _printf_l.o(.ARM.Collect$$_printf_percent$$00000012)
    _printf_c                                0x08000259   Thumb Code     0  _printf_c.o(.ARM.Collect$$_printf_percent$$00000013)
    _printf_s                                0x0800025f   Thumb Code     0  _printf_s.o(.ARM.Collect$$_printf_percent$$00000014)
    _printf_lc                               0x08000265   Thumb Code     0  _printf_lc.o(.ARM.Collect$$_printf_percent$$00000015)
    _printf_ls                               0x0800026b   Thumb Code     0  _printf_ls.o(.ARM.Collect$$_printf_percent$$00000016)
    _printf_percent_end                      0x08000271   Thumb Code     0  _printf_percent_end.o(.ARM.Collect$$_printf_percent$$00000017)
    __rt_lib_init                            0x08000275   Thumb Code     0  libinit.o(.ARM.Collect$$libinit$$00000000)
    __rt_lib_init_fp_1                       0x08000277   Thumb Code     0  libinit2.o(.ARM.Collect$$libinit$$00000002)
    __rt_lib_init_heap_1                     0x08000277   Thumb Code     0  libinit2.o(.ARM.Collect$$libinit$$0000000A)
    __rt_lib_init_lc_common                  0x08000277   Thumb Code     0  libinit2.o(.ARM.Collect$$libinit$$0000000F)
    __rt_lib_init_preinit_1                  0x08000277   Thumb Code     0  libinit2.o(.ARM.Collect$$libinit$$00000004)
    __rt_lib_init_rand_1                     0x08000277   Thumb Code     0  libinit2.o(.ARM.Collect$$libinit$$0000000E)
    __rt_lib_init_user_alloc_1               0x08000277   Thumb Code     0  libinit2.o(.ARM.Collect$$libinit$$0000000C)
    __rt_lib_init_lc_collate_1               0x0800027d   Thumb Code     0  libinit2.o(.ARM.Collect$$libinit$$00000011)
    __rt_lib_init_lc_ctype_2                 0x0800027d   Thumb Code     0  libinit2.o(.ARM.Collect$$libinit$$00000012)
    __rt_lib_init_lc_ctype_1                 0x08000289   Thumb Code     0  libinit2.o(.ARM.Collect$$libinit$$00000013)
    __rt_lib_init_lc_monetary_1              0x08000289   Thumb Code     0  libinit2.o(.ARM.Collect$$libinit$$00000015)
    __rt_lib_init_lc_numeric_2               0x08000289   Thumb Code     0  libinit2.o(.ARM.Collect$$libinit$$00000016)
    __rt_lib_init_alloca_1                   0x08000293   Thumb Code     0  libinit2.o(.ARM.Collect$$libinit$$0000002E)
    __rt_lib_init_argv_1                     0x08000293   Thumb Code     0  libinit2.o(.ARM.Collect$$libinit$$0000002C)
    __rt_lib_init_atexit_1                   0x08000293   Thumb Code     0  libinit2.o(.ARM.Collect$$libinit$$0000001B)
    __rt_lib_init_clock_1                    0x08000293   Thumb Code     0  libinit2.o(.ARM.Collect$$libinit$$00000021)
    __rt_lib_init_cpp_1                      0x08000293   Thumb Code     0  libinit2.o(.ARM.Collect$$libinit$$00000032)
    __rt_lib_init_exceptions_1               0x08000293   Thumb Code     0  libinit2.o(.ARM.Collect$$libinit$$00000030)
    __rt_lib_init_fp_trap_1                  0x08000293   Thumb Code     0  libinit2.o(.ARM.Collect$$libinit$$0000001F)
    __rt_lib_init_getenv_1                   0x08000293   Thumb Code     0  libinit2.o(.ARM.Collect$$libinit$$00000023)
    __rt_lib_init_lc_numeric_1               0x08000293   Thumb Code     0  libinit2.o(.ARM.Collect$$libinit$$00000017)
    __rt_lib_init_lc_time_1                  0x08000293   Thumb Code     0  libinit2.o(.ARM.Collect$$libinit$$00000019)
    __rt_lib_init_return                     0x08000293   Thumb Code     0  libinit2.o(.ARM.Collect$$libinit$$00000033)
    __rt_lib_init_signal_1                   0x08000293   Thumb Code     0  libinit2.o(.ARM.Collect$$libinit$$0000001D)
    __rt_lib_init_stdio_1                    0x08000293   Thumb Code     0  libinit2.o(.ARM.Collect$$libinit$$00000025)
    __rt_lib_shutdown                        0x08000295   Thumb Code     0  libshutdown.o(.ARM.Collect$$libshutdown$$00000000)
    __rt_lib_shutdown_cpp_1                  0x08000297   Thumb Code     0  libshutdown2.o(.ARM.Collect$$libshutdown$$00000002)
    __rt_lib_shutdown_fp_trap_1              0x08000297   Thumb Code     0  libshutdown2.o(.ARM.Collect$$libshutdown$$00000007)
    __rt_lib_shutdown_heap_1                 0x08000297   Thumb Code     0  libshutdown2.o(.ARM.Collect$$libshutdown$$0000000F)
    __rt_lib_shutdown_return                 0x08000297   Thumb Code     0  libshutdown2.o(.ARM.Collect$$libshutdown$$00000010)
    __rt_lib_shutdown_signal_1               0x08000297   Thumb Code     0  libshutdown2.o(.ARM.Collect$$libshutdown$$0000000A)
    __rt_lib_shutdown_stdio_1                0x08000297   Thumb Code     0  libshutdown2.o(.ARM.Collect$$libshutdown$$00000004)
    __rt_lib_shutdown_user_alloc_1           0x08000297   Thumb Code     0  libshutdown2.o(.ARM.Collect$$libshutdown$$0000000C)
    __rt_entry                               0x08000299   Thumb Code     0  __rtentry.o(.ARM.Collect$$rtentry$$00000000)
    __rt_entry_presh_1                       0x08000299   Thumb Code     0  __rtentry2.o(.ARM.Collect$$rtentry$$00000002)
    __rt_entry_sh                            0x08000299   Thumb Code     0  __rtentry4.o(.ARM.Collect$$rtentry$$00000004)
    __rt_entry_li                            0x0800029f   Thumb Code     0  __rtentry2.o(.ARM.Collect$$rtentry$$0000000A)
    __rt_entry_postsh_1                      0x0800029f   Thumb Code     0  __rtentry2.o(.ARM.Collect$$rtentry$$00000009)
    __rt_entry_main                          0x080002a3   Thumb Code     0  __rtentry2.o(.ARM.Collect$$rtentry$$0000000D)
    __rt_entry_postli_1                      0x080002a3   Thumb Code     0  __rtentry2.o(.ARM.Collect$$rtentry$$0000000C)
    __rt_exit                                0x080002ab   Thumb Code     0  rtexit.o(.ARM.Collect$$rtexit$$00000000)
    __rt_exit_ls                             0x080002ad   Thumb Code     0  rtexit2.o(.ARM.Collect$$rtexit$$00000003)
    __rt_exit_prels_1                        0x080002ad   Thumb Code     0  rtexit2.o(.ARM.Collect$$rtexit$$00000002)
    __rt_exit_exit                           0x080002b1   Thumb Code     0  rtexit2.o(.ARM.Collect$$rtexit$$00000004)
    WFI_SET                                  0x080002b9   Thumb Code     2  sys.o(.emb_text)
    main                                     0x080002bd   Thumb Code   218  main.o(.text)
    NMI_Handler                              0x080003c5   Thumb Code     2  stm32f10x_it.o(.text)
    HardFault_Handler                        0x080003c7   Thumb Code     4  stm32f10x_it.o(.text)
    MemManage_Handler                        0x080003cb   Thumb Code     4  stm32f10x_it.o(.text)
    BusFault_Handler                         0x080003cf   Thumb Code     4  stm32f10x_it.o(.text)
    UsageFault_Handler                       0x080003d3   Thumb Code     4  stm32f10x_it.o(.text)
    SVC_Handler                              0x080003d7   Thumb Code     2  stm32f10x_it.o(.text)
    DebugMon_Handler                         0x080003d9   Thumb Code     2  stm32f10x_it.o(.text)
    PendSV_Handler                           0x080003db   Thumb Code     2  stm32f10x_it.o(.text)
    SysTick_Handler                          0x080003dd   Thumb Code     2  stm32f10x_it.o(.text)
    SystemInit                               0x080004bf   Thumb Code    78  system_stm32f10x.o(.text)
    SystemCoreClockUpdate                    0x0800050d   Thumb Code   142  system_stm32f10x.o(.text)
    Reset_Handler                            0x080005c1   Thumb Code     8  startup_stm32f10x_hd.o(.text)
    ADC1_2_IRQHandler                        0x080005db   Thumb Code     0  startup_stm32f10x_hd.o(.text)
    ADC3_IRQHandler                          0x080005db   Thumb Code     0  startup_stm32f10x_hd.o(.text)
    CAN1_RX1_IRQHandler                      0x080005db   Thumb Code     0  startup_stm32f10x_hd.o(.text)
    CAN1_SCE_IRQHandler                      0x080005db   Thumb Code     0  startup_stm32f10x_hd.o(.text)
    DMA1_Channel1_IRQHandler                 0x080005db   Thumb Code     0  startup_stm32f10x_hd.o(.text)
    DMA1_Channel2_IRQHandler                 0x080005db   Thumb Code     0  startup_stm32f10x_hd.o(.text)
    DMA1_Channel3_IRQHandler                 0x080005db   Thumb Code     0  startup_stm32f10x_hd.o(.text)
    DMA1_Channel4_IRQHandler                 0x080005db   Thumb Code     0  startup_stm32f10x_hd.o(.text)
    DMA1_Channel5_IRQHandler                 0x080005db   Thumb Code     0  startup_stm32f10x_hd.o(.text)
    DMA1_Channel6_IRQHandler                 0x080005db   Thumb Code     0  startup_stm32f10x_hd.o(.text)
    DMA1_Channel7_IRQHandler                 0x080005db   Thumb Code     0  startup_stm32f10x_hd.o(.text)
    DMA2_Channel1_IRQHandler                 0x080005db   Thumb Code     0  startup_stm32f10x_hd.o(.text)
    DMA2_Channel2_IRQHandler                 0x080005db   Thumb Code     0  startup_stm32f10x_hd.o(.text)
    DMA2_Channel3_IRQHandler                 0x080005db   Thumb Code     0  startup_stm32f10x_hd.o(.text)
    DMA2_Channel4_5_IRQHandler               0x080005db   Thumb Code     0  startup_stm32f10x_hd.o(.text)
    EXTI0_IRQHandler                         0x080005db   Thumb Code     0  startup_stm32f10x_hd.o(.text)
    EXTI15_10_IRQHandler                     0x080005db   Thumb Code     0  startup_stm32f10x_hd.o(.text)
    EXTI1_IRQHandler                         0x080005db   Thumb Code     0  startup_stm32f10x_hd.o(.text)
    EXTI2_IRQHandler                         0x080005db   Thumb Code     0  startup_stm32f10x_hd.o(.text)
    EXTI3_IRQHandler                         0x080005db   Thumb Code     0  startup_stm32f10x_hd.o(.text)
    EXTI4_IRQHandler                         0x080005db   Thumb Code     0  startup_stm32f10x_hd.o(.text)
    EXTI9_5_IRQHandler                       0x080005db   Thumb Code     0  startup_stm32f10x_hd.o(.text)
    FLASH_IRQHandler                         0x080005db   Thumb Code     0  startup_stm32f10x_hd.o(.text)
    FSMC_IRQHandler                          0x080005db   Thumb Code     0  startup_stm32f10x_hd.o(.text)
    I2C1_ER_IRQHandler                       0x080005db   Thumb Code     0  startup_stm32f10x_hd.o(.text)
    I2C1_EV_IRQHandler                       0x080005db   Thumb Code     0  startup_stm32f10x_hd.o(.text)
    I2C2_ER_IRQHandler                       0x080005db   Thumb Code     0  startup_stm32f10x_hd.o(.text)
    I2C2_EV_IRQHandler                       0x080005db   Thumb Code     0  startup_stm32f10x_hd.o(.text)
    PVD_IRQHandler                           0x080005db   Thumb Code     0  startup_stm32f10x_hd.o(.text)
    RCC_IRQHandler                           0x080005db   Thumb Code     0  startup_stm32f10x_hd.o(.text)
    RTCAlarm_IRQHandler                      0x080005db   Thumb Code     0  startup_stm32f10x_hd.o(.text)
    RTC_IRQHandler                           0x080005db   Thumb Code     0  startup_stm32f10x_hd.o(.text)
    SDIO_IRQHandler                          0x080005db   Thumb Code     0  startup_stm32f10x_hd.o(.text)
    SPI1_IRQHandler                          0x080005db   Thumb Code     0  startup_stm32f10x_hd.o(.text)
    SPI2_IRQHandler                          0x080005db   Thumb Code     0  startup_stm32f10x_hd.o(.text)
    SPI3_IRQHandler                          0x080005db   Thumb Code     0  startup_stm32f10x_hd.o(.text)
    TAMPER_IRQHandler                        0x080005db   Thumb Code     0  startup_stm32f10x_hd.o(.text)
    TIM1_BRK_IRQHandler                      0x080005db   Thumb Code     0  startup_stm32f10x_hd.o(.text)
    TIM1_CC_IRQHandler                       0x080005db   Thumb Code     0  startup_stm32f10x_hd.o(.text)
    TIM1_TRG_COM_IRQHandler                  0x080005db   Thumb Code     0  startup_stm32f10x_hd.o(.text)
    TIM2_IRQHandler                          0x080005db   Thumb Code     0  startup_stm32f10x_hd.o(.text)
    TIM3_IRQHandler                          0x080005db   Thumb Code     0  startup_stm32f10x_hd.o(.text)
    TIM4_IRQHandler                          0x080005db   Thumb Code     0  startup_stm32f10x_hd.o(.text)
    TIM6_IRQHandler                          0x080005db   Thumb Code     0  startup_stm32f10x_hd.o(.text)
    TIM7_IRQHandler                          0x080005db   Thumb Code     0  startup_stm32f10x_hd.o(.text)
    TIM8_BRK_IRQHandler                      0x080005db   Thumb Code     0  startup_stm32f10x_hd.o(.text)
    TIM8_CC_IRQHandler                       0x080005db   Thumb Code     0  startup_stm32f10x_hd.o(.text)
    TIM8_TRG_COM_IRQHandler                  0x080005db   Thumb Code     0  startup_stm32f10x_hd.o(.text)
    TIM8_UP_IRQHandler                       0x080005db   Thumb Code     0  startup_stm32f10x_hd.o(.text)
    UART4_IRQHandler                         0x080005db   Thumb Code     0  startup_stm32f10x_hd.o(.text)
    UART5_IRQHandler                         0x080005db   Thumb Code     0  startup_stm32f10x_hd.o(.text)
    USART2_IRQHandler                        0x080005db   Thumb Code     0  startup_stm32f10x_hd.o(.text)
    USART3_IRQHandler                        0x080005db   Thumb Code     0  startup_stm32f10x_hd.o(.text)
    USBWakeUp_IRQHandler                     0x080005db   Thumb Code     0  startup_stm32f10x_hd.o(.text)
    USB_HP_CAN1_TX_IRQHandler                0x080005db   Thumb Code     0  startup_stm32f10x_hd.o(.text)
    USB_LP_CAN1_RX0_IRQHandler               0x080005db   Thumb Code     0  startup_stm32f10x_hd.o(.text)
    WWDG_IRQHandler                          0x080005db   Thumb Code     0  startup_stm32f10x_hd.o(.text)
    __user_initial_stackheap                 0x080005dd   Thumb Code     0  startup_stm32f10x_hd.o(.text)
    led_init                                 0x08000601   Thumb Code    58  led.o(.text)
    OLED_iic_sda_out                         0x08000649   Thumb Code    24  oled.o(.text)
    OLED_iic_sda_in                          0x08000661   Thumb Code    24  oled.o(.text)
    OLED_iic_start                           0x08000679   Thumb Code    28  oled.o(.text)
    OLED_iic_stop                            0x08000695   Thumb Code    32  oled.o(.text)
    OLED_iic_wait_ack                        0x080006b5   Thumb Code    16  oled.o(.text)
    OLED_iic_ack                             0x080006c5   Thumb Code    34  oled.o(.text)
    OLED_iic_Nack                            0x080006e7   Thumb Code    34  oled.o(.text)
    OLED_iic_send_byte                       0x08000709   Thumb Code    46  oled.o(.text)
    OLED_cmd                                 0x08000737   Thumb Code    44  oled.o(.text)
    OLED_dat                                 0x08000763   Thumb Code    44  oled.o(.text)
    OLED_byte                                0x0800078f   Thumb Code    24  oled.o(.text)
    fill_picture                             0x080007a7   Thumb Code    66  oled.o(.text)
    OLED_pos                                 0x080007e9   Thumb Code    42  oled.o(.text)
    OLED_display_on                          0x08000813   Thumb Code    28  oled.o(.text)
    OLED_display_off                         0x0800082f   Thumb Code    28  oled.o(.text)
    OLED_clear                               0x0800084b   Thumb Code    64  oled.o(.text)
    OLED_on                                  0x0800088b   Thumb Code    64  oled.o(.text)
    OLED_char                                0x080008cb   Thumb Code   146  oled.o(.text)
    OLED_number                              0x0800095d   Thumb Code    70  oled.o(.text)
    OLED_pow                                 0x080009a3   Thumb Code    18  oled.o(.text)
    OLED_value                               0x080009b5   Thumb Code   294  oled.o(.text)
    OLED_string                              0x08000adb   Thumb Code    54  oled.o(.text)
    OLED_string_value                        0x08000b11   Thumb Code    46  oled.o(.text)
    OLED_init                                0x08000b3f   Thumb Code   284  oled.o(.text)
    SPI2_ReadWriteByte                       0x08000c71   Thumb Code    82  nrf.o(.text)
    SPI2_Init                                0x08000cc3   Thumb Code   166  nrf.o(.text)
    SPI2_SetSpeed                            0x08000d69   Thumb Code    44  nrf.o(.text)
    NRF24L01_Init                            0x08000d95   Thumb Code   152  nrf.o(.text)
    NRF24L01_Read_Buf                        0x08000e2d   Thumb Code    56  nrf.o(.text)
    NRF24L01_Write_Buf                       0x08000e65   Thumb Code    56  nrf.o(.text)
    NRF24L01_Check                           0x08000e9d   Thumb Code    72  nrf.o(.text)
    NRF24L01_Write_Reg                       0x08000ee5   Thumb Code    40  nrf.o(.text)
    NRF24L01_Read_Reg                        0x08000f0d   Thumb Code    38  nrf.o(.text)
    NRF24L01_TxPacket                        0x08000f33   Thumb Code    94  nrf.o(.text)
    NRF24L01_RxPacket                        0x08000f91   Thumb Code    58  nrf.o(.text)
    NRF24L01_RX_Mode                         0x08000fcb   Thumb Code    76  nrf.o(.text)
    NRF24L01_TX_Mode                         0x08001017   Thumb Code   134  nrf.o(.text)
    TB6612FNG_init                           0x0800109d   Thumb Code   196  motor.o(.text)
    PWM1_init                                0x08001161   Thumb Code   152  motor.o(.text)
    M1                                       0x080011f9   Thumb Code   100  motor.o(.text)
    M1_mode                                  0x0800125d   Thumb Code    90  motor.o(.text)
    PWM2_init                                0x080012b7   Thumb Code   152  motor.o(.text)
    M2                                       0x0800134f   Thumb Code    96  motor.o(.text)
    M2_mode                                  0x080013af   Thumb Code   126  motor.o(.text)
    VOLTAGE_check_init                       0x0800142d   Thumb Code   136  motor.o(.text)
    MPU_iic_init                             0x080014b5   Thumb Code    58  mpu6050.o(.text)
    MPU_sda_in                               0x080014ef   Thumb Code    24  mpu6050.o(.text)
    MPU_sda_out                              0x08001507   Thumb Code    24  mpu6050.o(.text)
    MPU_iic_start                            0x0800151f   Thumb Code    26  mpu6050.o(.text)
    MPU_iic_stop                             0x08001539   Thumb Code    26  mpu6050.o(.text)
    MPU_iic_wait_ack                         0x08001553   Thumb Code    64  mpu6050.o(.text)
    MPU_ack                                  0x08001593   Thumb Code    54  mpu6050.o(.text)
    MPU_iic_send_one_byte                    0x080015c9   Thumb Code    66  mpu6050.o(.text)
    MPU_iic_read_one_byte                    0x0800160b   Thumb Code    72  mpu6050.o(.text)
    MPU_read_len                             0x08001653   Thumb Code   118  mpu6050.o(.text)
    MPU_write_byte                           0x080016c9   Thumb Code    78  mpu6050.o(.text)
    MPU_write_len                            0x08001717   Thumb Code    96  mpu6050.o(.text)
    MPU_read_byte                            0x08001777   Thumb Code    88  mpu6050.o(.text)
    MPU_set_dlpf                             0x080017cf   Thumb Code    58  mpu6050.o(.text)
    MPU_set_sample_rate                      0x08001809   Thumb Code    58  mpu6050.o(.text)
    MPU_set_accel                            0x08001843   Thumb Code    16  mpu6050.o(.text)
    MPU_set_gyro                             0x08001853   Thumb Code    16  mpu6050.o(.text)
    MPU_init                                 0x08001863   Thumb Code   146  mpu6050.o(.text)
    MPU_temperature                          0x080018f5   Thumb Code    24  mpu6050.o(.text)
    MPU_gyro                                 0x0800190d   Thumb Code    88  mpu6050.o(.text)
    MPU_accel                                0x08001965   Thumb Code    88  mpu6050.o(.text)
    MPU_accel_X                              0x080019bd   Thumb Code    24  mpu6050.o(.text)
    MPU_accel_Y                              0x080019d5   Thumb Code    30  mpu6050.o(.text)
    MPU_accel_Z                              0x080019f3   Thumb Code    24  mpu6050.o(.text)
    MPU_gyro_X                               0x08001a0b   Thumb Code    24  mpu6050.o(.text)
    MPU_gyro_Y                               0x08001a23   Thumb Code    24  mpu6050.o(.text)
    MPU_gyro_Z                               0x08001a3b   Thumb Code    24  mpu6050.o(.text)
    MPU_accel_angel                          0x08001a53   Thumb Code   862  mpu6050.o(.text)
    TIM5_Ch2_Init                            0x08001db1   Thumb Code    74  mpu6050.o(.text)
    TIM5_IRQHandler                          0x08001dfb   Thumb Code    40  mpu6050.o(.text)
    MPU_gyro_offset                          0x08001e23   Thumb Code   302  mpu6050.o(.text)
    MPU_gyro_angel                           0x08001f51   Thumb Code   772  mpu6050.o(.text)
    MPU_calculus_gyro_angel                  0x08002255   Thumb Code   822  mpu6050.o(.text)
    delay_init                               0x080025c9   Thumb Code    56  delay.o(.text)
    delay_us                                 0x08002601   Thumb Code    56  delay.o(.text)
    delay_ms                                 0x08002639   Thumb Code    56  delay.o(.text)
    MYRCC_DeInit                             0x08002679   Thumb Code    78  sys.o(.text)
    Sys_Standby                              0x080026c7   Thumb Code    64  sys.o(.text)
    Sys_Soft_Reset                           0x08002707   Thumb Code    10  sys.o(.text)
    JTAG_Set                                 0x08002711   Thumb Code    38  sys.o(.text)
    Stm32_Clock_Init                         0x08002737   Thumb Code   134  sys.o(.text)
    _sys_exit                                0x080027dd   Thumb Code     6  usart.o(.text)
    fputc                                    0x080027e3   Thumb Code    24  usart.o(.text)
    USART1_IRQHandler                        0x080027fb   Thumb Code    38  usart.o(.text)
    USART1_rxbuf_send                        0x08002821   Thumb Code    28  usart.o(.text)
    USART1_rxbuf_clear                       0x0800283d   Thumb Code    12  usart.o(.text)
    USART1_copy_rxbuf                        0x08002849   Thumb Code    24  usart.o(.text)
    USART1_init                              0x08002861   Thumb Code   204  usart.o(.text)
    USART1_send_one_byte                     0x0800292d   Thumb Code    22  usart.o(.text)
    USART1_send_one_value                    0x08002943   Thumb Code    32  usart.o(.text)
    USART1_send                              0x08002963   Thumb Code    22  usart.o(.text)
    NVIC_group                               0x08002991   Thumb Code    32  exti.o(.text)
    NVIC_priority                            0x080029b1   Thumb Code   116  exti.o(.text)
    NVIC_exti                                0x08002a25   Thumb Code   122  exti.o(.text)
    KALMAN_angel                             0x08002ab9   Thumb Code   276  kalman.o(.text)
    TIM1_ch1_init                            0x08002bcd   Thumb Code    54  kalman.o(.text)
    TIM1_UP_IRQHandler                       0x08002c03   Thumb Code    56  kalman.o(.text)
    PID_pwm                                  0x08002c3b   Thumb Code   596  kalman.o(.text)
    __use_no_semihosting                     0x08002ec9   Thumb Code     2  use_no_semi_2.o(.text)
    __c89printf                              0x08002ecd   Thumb Code    20  c89printf.o(.text)
    __2printf                                0x08002ee5   Thumb Code    20  __2printf.o(.text)
    __2sprintf                               0x08002efd   Thumb Code    38  __2sprintf.o(.text)
    __printf                                 0x08002f29   Thumb Code   388  __printf_flags_ss_wp.o(.text)
    __aeabi_memclr                           0x080030b1   Thumb Code     0  rt_memclr.o(.text)
    __rt_memclr                              0x080030b1   Thumb Code    68  rt_memclr.o(.text)
    _memset                                  0x080030b5   Thumb Code     0  rt_memclr.o(.text)
    __aeabi_memclr4                          0x080030f5   Thumb Code     0  rt_memclr_w.o(.text)
    __aeabi_memclr8                          0x080030f5   Thumb Code     0  rt_memclr_w.o(.text)
    __rt_memclr_w                            0x080030f5   Thumb Code    78  rt_memclr_w.o(.text)
    _memset_w                                0x080030f9   Thumb Code     0  rt_memclr_w.o(.text)
    __use_two_region_memory                  0x08003143   Thumb Code     2  heapauxi.o(.text)
    __rt_heap_escrow$2region                 0x08003145   Thumb Code     2  heapauxi.o(.text)
    __rt_heap_expand$2region                 0x08003147   Thumb Code     2  heapauxi.o(.text)
    __I$use$semihosting                      0x08003149   Thumb Code     0  use_no_semi.o(.text)
    __use_no_semihosting_swi                 0x08003149   Thumb Code     2  use_no_semi.o(.text)
    _printf_pre_padding                      0x0800314b   Thumb Code    44  _printf_pad.o(.text)
    _printf_post_padding                     0x08003177   Thumb Code    34  _printf_pad.o(.text)
    _printf_truncate_signed                  0x08003199   Thumb Code    18  _printf_truncate.o(.text)
    _printf_truncate_unsigned                0x080031ab   Thumb Code    18  _printf_truncate.o(.text)
    _printf_str                              0x080031bd   Thumb Code    82  _printf_str.o(.text)
    _printf_int_dec                          0x08003211   Thumb Code   104  _printf_dec.o(.text)
    _printf_charcount                        0x08003289   Thumb Code    40  _printf_charcount.o(.text)
    __lib_sel_fp_printf                      0x080032b1   Thumb Code     2  _printf_fp_dec.o(.text)
    _printf_fp_dec_real                      0x08003463   Thumb Code   620  _printf_fp_dec.o(.text)
    _printf_char_common                      0x080036db   Thumb Code    32  _printf_char_common.o(.text)
    _sputc                                   0x08003701   Thumb Code    10  _sputc.o(.text)
    _printf_char_file                        0x0800370d   Thumb Code    32  _printf_char_file.o(.text)
    _printf_wctomb                           0x08003731   Thumb Code   182  _printf_wctomb.o(.text)
    _printf_longlong_dec                     0x080037ed   Thumb Code   108  _printf_longlong_dec.o(.text)
    _printf_longlong_oct                     0x08003869   Thumb Code    66  _printf_oct_int_ll.o(.text)
    _printf_int_oct                          0x080038ab   Thumb Code    24  _printf_oct_int_ll.o(.text)
    _printf_ll_oct                           0x080038c3   Thumb Code    12  _printf_oct_int_ll.o(.text)
    _printf_longlong_hex                     0x080038d9   Thumb Code    86  _printf_hex_int_ll_ptr.o(.text)
    _printf_int_hex                          0x0800392f   Thumb Code    28  _printf_hex_int_ll_ptr.o(.text)
    _printf_ll_hex                           0x0800394b   Thumb Code    12  _printf_hex_int_ll_ptr.o(.text)
    _printf_hex_ptr                          0x08003957   Thumb Code    18  _printf_hex_int_ll_ptr.o(.text)
    __rt_locale                              0x0800396d   Thumb Code     8  rt_locale_intlibspace.o(.text)
    _ll_udiv10                               0x08003975   Thumb Code   138  lludiv10.o(.text)
    _printf_int_common                       0x080039ff   Thumb Code   178  _printf_intcommon.o(.text)
    _printf_fp_infnan                        0x08003ab1   Thumb Code   112  _printf_fp_infnan.o(.text)
    _printf_cs_common                        0x08003b31   Thumb Code    20  _printf_char.o(.text)
    _printf_char                             0x08003b45   Thumb Code    16  _printf_char.o(.text)
    _printf_string                           0x08003b55   Thumb Code     8  _printf_char.o(.text)
    _printf_lcs_common                       0x08003b5d   Thumb Code    20  _printf_wchar.o(.text)
    _printf_wchar                            0x08003b71   Thumb Code    16  _printf_wchar.o(.text)
    _printf_wstring                          0x08003b81   Thumb Code     8  _printf_wchar.o(.text)
    _btod_etento                             0x08003b89   Thumb Code   224  bigflt0.o(.text)
    ferror                                   0x08003c6d   Thumb Code     8  ferror.o(.text)
    _wcrtomb                                 0x08003c75   Thumb Code    64  _wcrtomb.o(.text)
    __user_libspace                          0x08003cb5   Thumb Code     8  libspace.o(.text)
    __user_perproc_libspace                  0x08003cb5   Thumb Code     0  libspace.o(.text)
    __user_perthread_libspace                0x08003cb5   Thumb Code     0  libspace.o(.text)
    __user_setup_stackheap                   0x08003cbd   Thumb Code    74  sys_stackheap_outer.o(.text)
    __rt_ctype_table                         0x08003d09   Thumb Code    16  rt_ctype_table.o(.text)
    exit                                     0x08003d19   Thumb Code    18  exit.o(.text)
    strcmp                                   0x08003d2d   Thumb Code   128  strcmpv7m.o(.text)
    _btod_d2e                                0x08003dad   Thumb Code    62  btod.o(CL$$btod_d2e)
    _d2e_denorm_low                          0x08003deb   Thumb Code    70  btod.o(CL$$btod_d2e_denorm_low)
    _d2e_norm_op1                            0x08003e31   Thumb Code    96  btod.o(CL$$btod_d2e_norm_op1)
    __btod_div_common                        0x08003e91   Thumb Code   696  btod.o(CL$$btod_div_common)
    _e2e                                     0x080041c9   Thumb Code   220  btod.o(CL$$btod_e2e)
    _btod_ediv                               0x080042a5   Thumb Code    42  btod.o(CL$$btod_ediv)
    _btod_emul                               0x080042cf   Thumb Code    42  btod.o(CL$$btod_emul)
    __btod_mult_common                       0x080042f9   Thumb Code   580  btod.o(CL$$btod_mult_common)
    __ARM_fpclassify                         0x0800453d   Thumb Code    40  fpclassify.o(i.__ARM_fpclassify)
    __kernel_poly                            0x08004565   Thumb Code   170  poly.o(i.__kernel_poly)
    __mathlib_dbl_infnan                     0x0800460f   Thumb Code     6  dunder.o(i.__mathlib_dbl_infnan)
    __mathlib_dbl_underflow                  0x08004615   Thumb Code    10  dunder.o(i.__mathlib_dbl_underflow)
    _is_digit                                0x08004625   Thumb Code    14  __printf_wp.o(i._is_digit)
    atan                                     0x08004635   Thumb Code   474  atan.o(i.atan)
    _get_lc_numeric                          0x08004855   Thumb Code    44  lc_numeric_c.o(locale$$code)
    _get_lc_ctype                            0x08004881   Thumb Code    44  lc_ctype_c.o(locale$$code)
    __aeabi_d2f                              0x080048ad   Thumb Code     0  d2f.o(x$fpl$d2f)
    _d2f                                     0x080048ad   Thumb Code    98  d2f.o(x$fpl$d2f)
    __aeabi_dadd                             0x08004911   Thumb Code     0  daddsub_clz.o(x$fpl$dadd)
    _dadd                                    0x08004911   Thumb Code   332  daddsub_clz.o(x$fpl$dadd)
    __fpl_dcheck_NaN1                        0x08004a61   Thumb Code    10  dcheck1.o(x$fpl$dcheck1)
    __fpl_dcmp_Inf                           0x08004a71   Thumb Code    24  dcmpi.o(x$fpl$dcmpinf)
    __aeabi_ddiv                             0x08004a89   Thumb Code     0  ddiv.o(x$fpl$ddiv)
    _ddiv                                    0x08004a89   Thumb Code   552  ddiv.o(x$fpl$ddiv)
    __aeabi_cdcmple                          0x08004d39   Thumb Code     0  dleqf.o(x$fpl$dleqf)
    _dcmple                                  0x08004d39   Thumb Code   120  dleqf.o(x$fpl$dleqf)
    __fpl_dcmple_InfNaN                      0x08004d9b   Thumb Code     0  dleqf.o(x$fpl$dleqf)
    __aeabi_dmul                             0x08004db1   Thumb Code     0  dmul.o(x$fpl$dmul)
    _dmul                                    0x08004db1   Thumb Code   332  dmul.o(x$fpl$dmul)
    __fpl_dnaninf                            0x08004f05   Thumb Code   156  dnaninf.o(x$fpl$dnaninf)
    __fpl_dretinf                            0x08004fa1   Thumb Code    12  dretinf.o(x$fpl$dretinf)
    __aeabi_cdrcmple                         0x08004fad   Thumb Code     0  drleqf.o(x$fpl$drleqf)
    _drcmple                                 0x08004fad   Thumb Code   108  drleqf.o(x$fpl$drleqf)
    __aeabi_drsub                            0x08005019   Thumb Code     0  daddsub_clz.o(x$fpl$drsb)
    _drsb                                    0x08005019   Thumb Code    22  daddsub_clz.o(x$fpl$drsb)
    __aeabi_dsub                             0x08005031   Thumb Code     0  daddsub_clz.o(x$fpl$dsub)
    _dsub                                    0x08005031   Thumb Code   464  daddsub_clz.o(x$fpl$dsub)
    __aeabi_f2d                              0x08005205   Thumb Code     0  f2d.o(x$fpl$f2d)
    _f2d                                     0x08005205   Thumb Code    86  f2d.o(x$fpl$f2d)
    __aeabi_fadd                             0x0800525d   Thumb Code     0  faddsub_clz.o(x$fpl$fadd)
    _fadd                                    0x0800525d   Thumb Code   196  faddsub_clz.o(x$fpl$fadd)
    __fpl_fcmp_Inf                           0x08005321   Thumb Code    24  fcmpi.o(x$fpl$fcmpinf)
    __aeabi_fdiv                             0x08005339   Thumb Code     0  fdiv.o(x$fpl$fdiv)
    _fdiv                                    0x08005339   Thumb Code   384  fdiv.o(x$fpl$fdiv)
    __aeabi_f2uiz                            0x080054bd   Thumb Code     0  ffixu.o(x$fpl$ffixu)
    _ffixu                                   0x080054bd   Thumb Code    62  ffixu.o(x$fpl$ffixu)
    __aeabi_i2f                              0x080054fd   Thumb Code     0  fflt_clz.o(x$fpl$fflt)
    _fflt                                    0x080054fd   Thumb Code    48  fflt_clz.o(x$fpl$fflt)
    __aeabi_ui2f                             0x0800552d   Thumb Code     0  fflt_clz.o(x$fpl$ffltu)
    _ffltu                                   0x0800552d   Thumb Code    38  fflt_clz.o(x$fpl$ffltu)
    __aeabi_cfcmple                          0x08005555   Thumb Code     0  fleqf.o(x$fpl$fleqf)
    _fcmple                                  0x08005555   Thumb Code   104  fleqf.o(x$fpl$fleqf)
    __fpl_fcmple_InfNaN                      0x080055a7   Thumb Code     0  fleqf.o(x$fpl$fleqf)
    __aeabi_fmul                             0x080055bd   Thumb Code     0  fmul.o(x$fpl$fmul)
    _fmul                                    0x080055bd   Thumb Code   258  fmul.o(x$fpl$fmul)
    __fpl_fnaninf                            0x080056bf   Thumb Code   140  fnaninf.o(x$fpl$fnaninf)
    __fpl_fretinf                            0x0800574b   Thumb Code    10  fretinf.o(x$fpl$fretinf)
    __aeabi_cfrcmple                         0x08005755   Thumb Code     0  frleqf.o(x$fpl$frleqf)
    _frcmple                                 0x08005755   Thumb Code    98  frleqf.o(x$fpl$frleqf)
    __aeabi_frsub                            0x080057b7   Thumb Code     0  faddsub_clz.o(x$fpl$frsb)
    _frsb                                    0x080057b7   Thumb Code    20  faddsub_clz.o(x$fpl$frsb)
    __aeabi_fsub                             0x080057cd   Thumb Code     0  faddsub_clz.o(x$fpl$fsub)
    _fsub                                    0x080057cd   Thumb Code   234  faddsub_clz.o(x$fpl$fsub)
    _printf_fp_dec                           0x080058b7   Thumb Code     4  printf1.o(x$fpl$printf1)
    __fpl_return_NaN                         0x080058bb   Thumb Code   100  retnan.o(x$fpl$retnan)
    __ARM_scalbn                             0x0800591f   Thumb Code    92  scalbn.o(x$fpl$scalbn)
    __fpl_cmpreturn                          0x0800597b   Thumb Code    48  trapv.o(x$fpl$trapveneer)
    X6Y8                                     0x080059aa   Data         552  oled.o(.constdata)
    __I$use$fp                               0x080059aa   Number         0  usenofp.o(x$fpl$usenofp)
    X8Y16                                    0x08005bd2   Data        1520  oled.o(.constdata)
    TX_ADDRESS                               0x080061c2   Data           5  nrf.o(.constdata)
    RX_ADDRESS                               0x080061c7   Data           5  nrf.o(.constdata)
    Region$$Table$$Base                      0x0800633c   Number         0  anon$$obj.o(Region$$Table)
    Region$$Table$$Limit                     0x0800635c   Number         0  anon$$obj.o(Region$$Table)
    __ctype                                  0x08006385   Data           0  lc_ctype_c.o(locale$$data)
    SystemCoreClock                          0x20000000   Data           4  system_stm32f10x.o(.data)
    AHBPrescTable                            0x20000004   Data          16  system_stm32f10x.o(.data)
    NUMx8y16                                 0x20000014   Data         192  oled.o(.data)
    NUMx6y8                                  0x200000d4   Data          60  oled.o(.data)
    TIME_GYRO                                0x20000110   Data           2  mpu6050.o(.data)
    __stdout                                 0x20000140   Data           4  usart.o(.data)
    USART_RX_STA                             0x20000144   Data           2  usart.o(.data)
    PID_time                                 0x20000148   Data           2  kalman.o(.data)
    USART_RX_BUF                             0x20000174   Data         200  usart.o(.bss)
    __libspace_start                         0x2000023c   Data          96  libspace.o(.bss)
    __temporary_stack_top$libspace           0x2000029c   Data           0  libspace.o(.bss)



==============================================================================

Memory Map of the image

  Image Entry point : 0x08000131

  Load Region LR_IROM1 (Base: 0x08000000, Size: 0x000065fc, Max: 0x00040000, ABSOLUTE, COMPRESSED[0x0000655c])

    Execution Region ER_IROM1 (Exec base: 0x08000000, Load base: 0x08000000, Size: 0x00006488, Max: 0x00040000, ABSOLUTE)

    Exec Addr    Load Addr    Size         Type   Attr      Idx    E Section Name        Object

    0x08000000   0x08000000   0x00000130   Data   RO          488    RESET               startup_stm32f10x_hd.o
    0x08000130   0x08000130   0x00000008   Code   RO          752  * !!!main             c_w.l(__main.o)
    0x08000138   0x08000138   0x00000034   Code   RO         1138    !!!scatter          c_w.l(__scatter.o)
    0x0800016c   0x0800016c   0x0000005a   Code   RO         1136    !!dczerorl2         c_w.l(__dczerorl2.o)
    0x080001c6   0x080001c6   0x00000002   PAD
    0x080001c8   0x080001c8   0x0000001c   Code   RO         1140    !!handler_zi        c_w.l(__scatter_zi.o)
    0x080001e4   0x080001e4   0x00000000   Code   RO          745    .ARM.Collect$$_printf_percent$$00000000  c_w.l(_printf_percent.o)
    0x080001e4   0x080001e4   0x00000006   Code   RO          867    .ARM.Collect$$_printf_percent$$00000001  c_w.l(_printf_n.o)
    0x080001ea   0x080001ea   0x00000006   Code   RO          869    .ARM.Collect$$_printf_percent$$00000002  c_w.l(_printf_p.o)
    0x080001f0   0x080001f0   0x00000006   Code   RO          744    .ARM.Collect$$_printf_percent$$00000003  c_w.l(_printf_f.o)
    0x080001f6   0x080001f6   0x00000006   Code   RO          874    .ARM.Collect$$_printf_percent$$00000004  c_w.l(_printf_e.o)
    0x080001fc   0x080001fc   0x00000006   Code   RO          875    .ARM.Collect$$_printf_percent$$00000005  c_w.l(_printf_g.o)
    0x08000202   0x08000202   0x00000006   Code   RO          876    .ARM.Collect$$_printf_percent$$00000006  c_w.l(_printf_a.o)
    0x08000208   0x08000208   0x0000000a   Code   RO          881    .ARM.Collect$$_printf_percent$$00000007  c_w.l(_printf_ll.o)
    0x08000212   0x08000212   0x00000006   Code   RO          871    .ARM.Collect$$_printf_percent$$00000008  c_w.l(_printf_i.o)
    0x08000218   0x08000218   0x00000006   Code   RO          872    .ARM.Collect$$_printf_percent$$00000009  c_w.l(_printf_d.o)
    0x0800021e   0x0800021e   0x00000006   Code   RO          873    .ARM.Collect$$_printf_percent$$0000000A  c_w.l(_printf_u.o)
    0x08000224   0x08000224   0x00000006   Code   RO          870    .ARM.Collect$$_printf_percent$$0000000B  c_w.l(_printf_o.o)
    0x0800022a   0x0800022a   0x00000006   Code   RO          868    .ARM.Collect$$_printf_percent$$0000000C  c_w.l(_printf_x.o)
    0x08000230   0x08000230   0x00000006   Code   RO          878    .ARM.Collect$$_printf_percent$$0000000D  c_w.l(_printf_lli.o)
    0x08000236   0x08000236   0x00000006   Code   RO          879    .ARM.Collect$$_printf_percent$$0000000E  c_w.l(_printf_lld.o)
    0x0800023c   0x0800023c   0x00000006   Code   RO          880    .ARM.Collect$$_printf_percent$$0000000F  c_w.l(_printf_llu.o)
    0x08000242   0x08000242   0x00000006   Code   RO          885    .ARM.Collect$$_printf_percent$$00000010  c_w.l(_printf_llo.o)
    0x08000248   0x08000248   0x00000006   Code   RO          886    .ARM.Collect$$_printf_percent$$00000011  c_w.l(_printf_llx.o)
    0x0800024e   0x0800024e   0x0000000a   Code   RO          882    .ARM.Collect$$_printf_percent$$00000012  c_w.l(_printf_l.o)
    0x08000258   0x08000258   0x00000006   Code   RO          865    .ARM.Collect$$_printf_percent$$00000013  c_w.l(_printf_c.o)
    0x0800025e   0x0800025e   0x00000006   Code   RO          866    .ARM.Collect$$_printf_percent$$00000014  c_w.l(_printf_s.o)
    0x08000264   0x08000264   0x00000006   Code   RO          883    .ARM.Collect$$_printf_percent$$00000015  c_w.l(_printf_lc.o)
    0x0800026a   0x0800026a   0x00000006   Code   RO          884    .ARM.Collect$$_printf_percent$$00000016  c_w.l(_printf_ls.o)
    0x08000270   0x08000270   0x00000004   Code   RO          877    .ARM.Collect$$_printf_percent$$00000017  c_w.l(_printf_percent_end.o)
    0x08000274   0x08000274   0x00000002   Code   RO         1006    .ARM.Collect$$libinit$$00000000  c_w.l(libinit.o)
    0x08000276   0x08000276   0x00000000   Code   RO         1008    .ARM.Collect$$libinit$$00000002  c_w.l(libinit2.o)
    0x08000276   0x08000276   0x00000000   Code   RO         1010    .ARM.Collect$$libinit$$00000004  c_w.l(libinit2.o)
    0x08000276   0x08000276   0x00000000   Code   RO         1013    .ARM.Collect$$libinit$$0000000A  c_w.l(libinit2.o)
    0x08000276   0x08000276   0x00000000   Code   RO         1015    .ARM.Collect$$libinit$$0000000C  c_w.l(libinit2.o)
    0x08000276   0x08000276   0x00000000   Code   RO         1017    .ARM.Collect$$libinit$$0000000E  c_w.l(libinit2.o)
    0x08000276   0x08000276   0x00000006   Code   RO         1018    .ARM.Collect$$libinit$$0000000F  c_w.l(libinit2.o)
    0x0800027c   0x0800027c   0x00000000   Code   RO         1020    .ARM.Collect$$libinit$$00000011  c_w.l(libinit2.o)
    0x0800027c   0x0800027c   0x0000000c   Code   RO         1021    .ARM.Collect$$libinit$$00000012  c_w.l(libinit2.o)
    0x08000288   0x08000288   0x00000000   Code   RO         1022    .ARM.Collect$$libinit$$00000013  c_w.l(libinit2.o)
    0x08000288   0x08000288   0x00000000   Code   RO         1024    .ARM.Collect$$libinit$$00000015  c_w.l(libinit2.o)
    0x08000288   0x08000288   0x0000000a   Code   RO         1025    .ARM.Collect$$libinit$$00000016  c_w.l(libinit2.o)
    0x08000292   0x08000292   0x00000000   Code   RO         1026    .ARM.Collect$$libinit$$00000017  c_w.l(libinit2.o)
    0x08000292   0x08000292   0x00000000   Code   RO         1028    .ARM.Collect$$libinit$$00000019  c_w.l(libinit2.o)
    0x08000292   0x08000292   0x00000000   Code   RO         1030    .ARM.Collect$$libinit$$0000001B  c_w.l(libinit2.o)
    0x08000292   0x08000292   0x00000000   Code   RO         1032    .ARM.Collect$$libinit$$0000001D  c_w.l(libinit2.o)
    0x08000292   0x08000292   0x00000000   Code   RO         1034    .ARM.Collect$$libinit$$0000001F  c_w.l(libinit2.o)
    0x08000292   0x08000292   0x00000000   Code   RO         1036    .ARM.Collect$$libinit$$00000021  c_w.l(libinit2.o)
    0x08000292   0x08000292   0x00000000   Code   RO         1038    .ARM.Collect$$libinit$$00000023  c_w.l(libinit2.o)
    0x08000292   0x08000292   0x00000000   Code   RO         1040    .ARM.Collect$$libinit$$00000025  c_w.l(libinit2.o)
    0x08000292   0x08000292   0x00000000   Code   RO         1044    .ARM.Collect$$libinit$$0000002C  c_w.l(libinit2.o)
    0x08000292   0x08000292   0x00000000   Code   RO         1046    .ARM.Collect$$libinit$$0000002E  c_w.l(libinit2.o)
    0x08000292   0x08000292   0x00000000   Code   RO         1048    .ARM.Collect$$libinit$$00000030  c_w.l(libinit2.o)
    0x08000292   0x08000292   0x00000000   Code   RO         1050    .ARM.Collect$$libinit$$00000032  c_w.l(libinit2.o)
    0x08000292   0x08000292   0x00000002   Code   RO         1051    .ARM.Collect$$libinit$$00000033  c_w.l(libinit2.o)
    0x08000294   0x08000294   0x00000002   Code   RO         1086    .ARM.Collect$$libshutdown$$00000000  c_w.l(libshutdown.o)
    0x08000296   0x08000296   0x00000000   Code   RO         1095    .ARM.Collect$$libshutdown$$00000002  c_w.l(libshutdown2.o)
    0x08000296   0x08000296   0x00000000   Code   RO         1097    .ARM.Collect$$libshutdown$$00000004  c_w.l(libshutdown2.o)
    0x08000296   0x08000296   0x00000000   Code   RO         1100    .ARM.Collect$$libshutdown$$00000007  c_w.l(libshutdown2.o)
    0x08000296   0x08000296   0x00000000   Code   RO         1103    .ARM.Collect$$libshutdown$$0000000A  c_w.l(libshutdown2.o)
    0x08000296   0x08000296   0x00000000   Code   RO         1105    .ARM.Collect$$libshutdown$$0000000C  c_w.l(libshutdown2.o)
    0x08000296   0x08000296   0x00000000   Code   RO         1108    .ARM.Collect$$libshutdown$$0000000F  c_w.l(libshutdown2.o)
    0x08000296   0x08000296   0x00000002   Code   RO         1109    .ARM.Collect$$libshutdown$$00000010  c_w.l(libshutdown2.o)
    0x08000298   0x08000298   0x00000000   Code   RO          814    .ARM.Collect$$rtentry$$00000000  c_w.l(__rtentry.o)
    0x08000298   0x08000298   0x00000000   Code   RO          921    .ARM.Collect$$rtentry$$00000002  c_w.l(__rtentry2.o)
    0x08000298   0x08000298   0x00000006   Code   RO          933    .ARM.Collect$$rtentry$$00000004  c_w.l(__rtentry4.o)
    0x0800029e   0x0800029e   0x00000000   Code   RO          923    .ARM.Collect$$rtentry$$00000009  c_w.l(__rtentry2.o)
    0x0800029e   0x0800029e   0x00000004   Code   RO          924    .ARM.Collect$$rtentry$$0000000A  c_w.l(__rtentry2.o)
    0x080002a2   0x080002a2   0x00000000   Code   RO          926    .ARM.Collect$$rtentry$$0000000C  c_w.l(__rtentry2.o)
    0x080002a2   0x080002a2   0x00000008   Code   RO          927    .ARM.Collect$$rtentry$$0000000D  c_w.l(__rtentry2.o)
    0x080002aa   0x080002aa   0x00000002   Code   RO         1054    .ARM.Collect$$rtexit$$00000000  c_w.l(rtexit.o)
    0x080002ac   0x080002ac   0x00000000   Code   RO         1066    .ARM.Collect$$rtexit$$00000002  c_w.l(rtexit2.o)
    0x080002ac   0x080002ac   0x00000004   Code   RO         1067    .ARM.Collect$$rtexit$$00000003  c_w.l(rtexit2.o)
    0x080002b0   0x080002b0   0x00000006   Code   RO         1068    .ARM.Collect$$rtexit$$00000004  c_w.l(rtexit2.o)
    0x080002b6   0x080002b6   0x00000002   PAD
    0x080002b8   0x080002b8   0x00000002   Code   RO          607    .emb_text           sys.o
    0x080002ba   0x080002ba   0x00000002   PAD
    0x080002bc   0x080002bc   0x00000108   Code   RO            1    .text               main.o
    0x080003c4   0x080003c4   0x0000001a   Code   RO          164    .text               stm32f10x_it.o
    0x080003de   0x080003de   0x00000002   PAD
    0x080003e0   0x080003e0   0x000001e0   Code   RO          468    .text               system_stm32f10x.o
    0x080005c0   0x080005c0   0x00000040   Code   RO          489    .text               startup_stm32f10x_hd.o
    0x08000600   0x08000600   0x00000048   Code   RO          505    .text               led.o
    0x08000648   0x08000648   0x00000628   Code   RO          517    .text               oled.o
    0x08000c70   0x08000c70   0x0000042c   Code   RO          536    .text               nrf.o
    0x0800109c   0x0800109c   0x00000418   Code   RO          551    .text               motor.o
    0x080014b4   0x080014b4   0x00001114   Code   RO          563    .text               mpu6050.o
    0x080025c8   0x080025c8   0x000000b0   Code   RO          593    .text               delay.o
    0x08002678   0x08002678   0x00000164   Code   RO          608    .text               sys.o
    0x080027dc   0x080027dc   0x000001b4   Code   RO          623    .text               usart.o
    0x08002990   0x08002990   0x00000128   Code   RO          647    .text               exti.o
    0x08002ab8   0x08002ab8   0x00000410   Code   RO          689    .text               kalman.o
    0x08002ec8   0x08002ec8   0x00000002   Code   RO          710    .text               c_w.l(use_no_semi_2.o)
    0x08002eca   0x08002eca   0x00000002   PAD
    0x08002ecc   0x08002ecc   0x00000018   Code   RO          712    .text               c_w.l(c89printf.o)
    0x08002ee4   0x08002ee4   0x00000018   Code   RO          714    .text               c_w.l(__2printf.o)
    0x08002efc   0x08002efc   0x0000002c   Code   RO          716    .text               c_w.l(__2sprintf.o)
    0x08002f28   0x08002f28   0x00000188   Code   RO          741    .text               c_w.l(__printf_flags_ss_wp.o)
    0x080030b0   0x080030b0   0x00000044   Code   RO          746    .text               c_w.l(rt_memclr.o)
    0x080030f4   0x080030f4   0x0000004e   Code   RO          748    .text               c_w.l(rt_memclr_w.o)
    0x08003142   0x08003142   0x00000006   Code   RO          750    .text               c_w.l(heapauxi.o)
    0x08003148   0x08003148   0x00000002   Code   RO          812    .text               c_w.l(use_no_semi.o)
    0x0800314a   0x0800314a   0x0000004e   Code   RO          815    .text               c_w.l(_printf_pad.o)
    0x08003198   0x08003198   0x00000024   Code   RO          817    .text               c_w.l(_printf_truncate.o)
    0x080031bc   0x080031bc   0x00000052   Code   RO          819    .text               c_w.l(_printf_str.o)
    0x0800320e   0x0800320e   0x00000002   PAD
    0x08003210   0x08003210   0x00000078   Code   RO          821    .text               c_w.l(_printf_dec.o)
    0x08003288   0x08003288   0x00000028   Code   RO          823    .text               c_w.l(_printf_charcount.o)
    0x080032b0   0x080032b0   0x0000041e   Code   RO          825    .text               c_w.l(_printf_fp_dec.o)
    0x080036ce   0x080036ce   0x00000002   PAD
    0x080036d0   0x080036d0   0x00000030   Code   RO          827    .text               c_w.l(_printf_char_common.o)
    0x08003700   0x08003700   0x0000000a   Code   RO          829    .text               c_w.l(_sputc.o)
    0x0800370a   0x0800370a   0x00000002   PAD
    0x0800370c   0x0800370c   0x00000024   Code   RO          831    .text               c_w.l(_printf_char_file.o)
    0x08003730   0x08003730   0x000000bc   Code   RO          833    .text               c_w.l(_printf_wctomb.o)
    0x080037ec   0x080037ec   0x0000007c   Code   RO          836    .text               c_w.l(_printf_longlong_dec.o)
    0x08003868   0x08003868   0x00000070   Code   RO          842    .text               c_w.l(_printf_oct_int_ll.o)
    0x080038d8   0x080038d8   0x00000094   Code   RO          862    .text               c_w.l(_printf_hex_int_ll_ptr.o)
    0x0800396c   0x0800396c   0x00000008   Code   RO          938    .text               c_w.l(rt_locale_intlibspace.o)
    0x08003974   0x08003974   0x0000008a   Code   RO          940    .text               c_w.l(lludiv10.o)
    0x080039fe   0x080039fe   0x000000b2   Code   RO          942    .text               c_w.l(_printf_intcommon.o)
    0x08003ab0   0x08003ab0   0x00000080   Code   RO          944    .text               c_w.l(_printf_fp_infnan.o)
    0x08003b30   0x08003b30   0x0000002c   Code   RO          948    .text               c_w.l(_printf_char.o)
    0x08003b5c   0x08003b5c   0x0000002c   Code   RO          950    .text               c_w.l(_printf_wchar.o)
    0x08003b88   0x08003b88   0x000000e4   Code   RO          952    .text               c_w.l(bigflt0.o)
    0x08003c6c   0x08003c6c   0x00000008   Code   RO          977    .text               c_w.l(ferror.o)
    0x08003c74   0x08003c74   0x00000040   Code   RO          981    .text               c_w.l(_wcrtomb.o)
    0x08003cb4   0x08003cb4   0x00000008   Code   RO          990    .text               c_w.l(libspace.o)
    0x08003cbc   0x08003cbc   0x0000004a   Code   RO          993    .text               c_w.l(sys_stackheap_outer.o)
    0x08003d06   0x08003d06   0x00000002   PAD
    0x08003d08   0x08003d08   0x00000010   Code   RO          995    .text               c_w.l(rt_ctype_table.o)
    0x08003d18   0x08003d18   0x00000012   Code   RO          997    .text               c_w.l(exit.o)
    0x08003d2a   0x08003d2a   0x00000002   PAD
    0x08003d2c   0x08003d2c   0x00000080   Code   RO          999    .text               c_w.l(strcmpv7m.o)
    0x08003dac   0x08003dac   0x0000003e   Code   RO          955    CL$$btod_d2e        c_w.l(btod.o)
    0x08003dea   0x08003dea   0x00000046   Code   RO          957    CL$$btod_d2e_denorm_low  c_w.l(btod.o)
    0x08003e30   0x08003e30   0x00000060   Code   RO          956    CL$$btod_d2e_norm_op1  c_w.l(btod.o)
    0x08003e90   0x08003e90   0x00000338   Code   RO          965    CL$$btod_div_common  c_w.l(btod.o)
    0x080041c8   0x080041c8   0x000000dc   Code   RO          962    CL$$btod_e2e        c_w.l(btod.o)
    0x080042a4   0x080042a4   0x0000002a   Code   RO          959    CL$$btod_ediv       c_w.l(btod.o)
    0x080042ce   0x080042ce   0x0000002a   Code   RO          958    CL$$btod_emul       c_w.l(btod.o)
    0x080042f8   0x080042f8   0x00000244   Code   RO          964    CL$$btod_mult_common  c_w.l(btod.o)
    0x0800453c   0x0800453c   0x00000028   Code   RO          916    i.__ARM_fpclassify  m_ws.l(fpclassify.o)
    0x08004564   0x08004564   0x000000aa   Code   RO          918    i.__kernel_poly     m_ws.l(poly.o)
    0x0800460e   0x0800460e   0x00000006   Code   RO          903    i.__mathlib_dbl_infnan  m_ws.l(dunder.o)
    0x08004614   0x08004614   0x00000010   Code   RO          908    i.__mathlib_dbl_underflow  m_ws.l(dunder.o)
    0x08004624   0x08004624   0x0000000e   Code   RO          734    i._is_digit         c_w.l(__printf_wp.o)
    0x08004632   0x08004632   0x00000002   PAD
    0x08004634   0x08004634   0x00000220   Code   RO          803    i.atan              m_ws.l(atan.o)
    0x08004854   0x08004854   0x0000002c   Code   RO          984    locale$$code        c_w.l(lc_numeric_c.o)
    0x08004880   0x08004880   0x0000002c   Code   RO         1057    locale$$code        c_w.l(lc_ctype_c.o)
    0x080048ac   0x080048ac   0x00000062   Code   RO          754    x$fpl$d2f           fz_ws.l(d2f.o)
    0x0800490e   0x0800490e   0x00000002   PAD
    0x08004910   0x08004910   0x00000150   Code   RO          756    x$fpl$dadd          fz_ws.l(daddsub_clz.o)
    0x08004a60   0x08004a60   0x00000010   Code   RO          986    x$fpl$dcheck1       fz_ws.l(dcheck1.o)
    0x08004a70   0x08004a70   0x00000018   Code   RO          887    x$fpl$dcmpinf       fz_ws.l(dcmpi.o)
    0x08004a88   0x08004a88   0x000002b0   Code   RO          763    x$fpl$ddiv          fz_ws.l(ddiv.o)
    0x08004d38   0x08004d38   0x00000078   Code   RO          766    x$fpl$dleqf         fz_ws.l(dleqf.o)
    0x08004db0   0x08004db0   0x00000154   Code   RO          768    x$fpl$dmul          fz_ws.l(dmul.o)
    0x08004f04   0x08004f04   0x0000009c   Code   RO          889    x$fpl$dnaninf       fz_ws.l(dnaninf.o)
    0x08004fa0   0x08004fa0   0x0000000c   Code   RO          891    x$fpl$dretinf       fz_ws.l(dretinf.o)
    0x08004fac   0x08004fac   0x0000006c   Code   RO          770    x$fpl$drleqf        fz_ws.l(drleqf.o)
    0x08005018   0x08005018   0x00000016   Code   RO          757    x$fpl$drsb          fz_ws.l(daddsub_clz.o)
    0x0800502e   0x0800502e   0x00000002   PAD
    0x08005030   0x08005030   0x000001d4   Code   RO          758    x$fpl$dsub          fz_ws.l(daddsub_clz.o)
    0x08005204   0x08005204   0x00000056   Code   RO          772    x$fpl$f2d           fz_ws.l(f2d.o)
    0x0800525a   0x0800525a   0x00000002   PAD
    0x0800525c   0x0800525c   0x000000c4   Code   RO          774    x$fpl$fadd          fz_ws.l(faddsub_clz.o)
    0x08005320   0x08005320   0x00000018   Code   RO          893    x$fpl$fcmpinf       fz_ws.l(fcmpi.o)
    0x08005338   0x08005338   0x00000184   Code   RO          781    x$fpl$fdiv          fz_ws.l(fdiv.o)
    0x080054bc   0x080054bc   0x0000003e   Code   RO          784    x$fpl$ffixu         fz_ws.l(ffixu.o)
    0x080054fa   0x080054fa   0x00000002   PAD
    0x080054fc   0x080054fc   0x00000030   Code   RO          789    x$fpl$fflt          fz_ws.l(fflt_clz.o)
    0x0800552c   0x0800552c   0x00000026   Code   RO          788    x$fpl$ffltu         fz_ws.l(fflt_clz.o)
    0x08005552   0x08005552   0x00000002   PAD
    0x08005554   0x08005554   0x00000068   Code   RO          794    x$fpl$fleqf         fz_ws.l(fleqf.o)
    0x080055bc   0x080055bc   0x00000102   Code   RO          796    x$fpl$fmul          fz_ws.l(fmul.o)
    0x080056be   0x080056be   0x0000008c   Code   RO          895    x$fpl$fnaninf       fz_ws.l(fnaninf.o)
    0x0800574a   0x0800574a   0x0000000a   Code   RO          897    x$fpl$fretinf       fz_ws.l(fretinf.o)
    0x08005754   0x08005754   0x00000062   Code   RO          798    x$fpl$frleqf        fz_ws.l(frleqf.o)
    0x080057b6   0x080057b6   0x00000014   Code   RO          775    x$fpl$frsb          fz_ws.l(faddsub_clz.o)
    0x080057ca   0x080057ca   0x00000002   PAD
    0x080057cc   0x080057cc   0x000000ea   Code   RO          776    x$fpl$fsub          fz_ws.l(faddsub_clz.o)
    0x080058b6   0x080058b6   0x00000004   Code   RO          800    x$fpl$printf1       fz_ws.l(printf1.o)
    0x080058ba   0x080058ba   0x00000064   Code   RO         1052    x$fpl$retnan        fz_ws.l(retnan.o)
    0x0800591e   0x0800591e   0x0000005c   Code   RO          899    x$fpl$scalbn        fz_ws.l(scalbn.o)
    0x0800597a   0x0800597a   0x00000030   Code   RO         1063    x$fpl$trapveneer    fz_ws.l(trapv.o)
    0x080059aa   0x080059aa   0x00000000   Code   RO          901    x$fpl$usenofp       fz_ws.l(usenofp.o)
    0x080059aa   0x080059aa   0x00000818   Data   RO          518    .constdata          oled.o
    0x080061c2   0x080061c2   0x0000000a   Data   RO          537    .constdata          nrf.o
    0x080061cc   0x080061cc   0x00000011   Data   RO          742    .constdata          c_w.l(__printf_flags_ss_wp.o)
    0x080061dd   0x080061dd   0x00000003   PAD
    0x080061e0   0x080061e0   0x00000098   Data   RO          804    .constdata          m_ws.l(atan.o)
    0x08006278   0x08006278   0x00000008   Data   RO          834    .constdata          c_w.l(_printf_wctomb.o)
    0x08006280   0x08006280   0x00000028   Data   RO          863    .constdata          c_w.l(_printf_hex_int_ll_ptr.o)
    0x080062a8   0x080062a8   0x00000094   Data   RO          953    .constdata          c_w.l(bigflt0.o)
    0x0800633c   0x0800633c   0x00000020   Data   RO         1134    Region$$Table       anon$$obj.o
    0x0800635c   0x0800635c   0x0000001c   Data   RO          983    locale$$data        c_w.l(lc_numeric_c.o)
    0x08006378   0x08006378   0x00000110   Data   RO         1056    locale$$data        c_w.l(lc_ctype_c.o)


    Execution Region RW_IRAM1 (Exec base: 0x20000000, Load base: 0x08006488, Size: 0x000008a0, Max: 0x0000c000, ABSOLUTE, COMPRESSED[0x000000d4])

    Exec Addr    Load Addr    Size         Type   Attr      Idx    E Section Name        Object

    0x20000000   COMPRESSED   0x00000014   Data   RW          469    .data               system_stm32f10x.o
    0x20000014   COMPRESSED   0x000000fc   Data   RW          519    .data               oled.o
    0x20000110   COMPRESSED   0x0000002c   Data   RW          564    .data               mpu6050.o
    0x2000013c   COMPRESSED   0x00000004   Data   RW          594    .data               delay.o
    0x20000140   COMPRESSED   0x00000006   Data   RW          625    .data               usart.o
    0x20000146   COMPRESSED   0x00000002   PAD
    0x20000148   COMPRESSED   0x0000002c   Data   RW          690    .data               kalman.o
    0x20000174        -       0x000000c8   Zero   RW          624    .bss                usart.o
    0x2000023c        -       0x00000060   Zero   RW          991    .bss                c_w.l(libspace.o)
    0x2000029c   COMPRESSED   0x00000004   PAD
    0x200002a0        -       0x00000200   Zero   RW          487    HEAP                startup_stm32f10x_hd.o
    0x200004a0        -       0x00000400   Zero   RW          486    STACK               startup_stm32f10x_hd.o


==============================================================================

Image component sizes


      Code (inc. data)   RO Data    RW Data    ZI Data      Debug   Object Name

         0          0          0          0          0         32   core_cm3.o
       176          8          0          4          0        959   delay.o
       296         26          0          0          0       1149   exti.o
      1040         58          0         44          0       2903   kalman.o
        72         14          0          0          0        383   led.o
       264         46          0          0          0     208295   main.o
      1048         58          0          0          0       2118   motor.o
      4372        214          0         44          0       9716   mpu6050.o
      1068         48         10          0          0       4134   nrf.o
      1576         46       2072        252          0       6322   oled.o
        64         26        304          0       1536        780   startup_stm32f10x_hd.o
        26          0          0          0          0       1174   stm32f10x_it.o
       358         32          0          0          0       1428   sys.o
       480         38          0         20          0       1779   system_stm32f10x.o
       436         24          0          6        200       4066   usart.o

    ----------------------------------------------------------------------
     11280        638       2418        372       1736     245238   Object Totals
         0          0         32          0          0          0   (incl. Generated)
         4          0          0          2          0          0   (incl. Padding)

    ----------------------------------------------------------------------

      Code (inc. data)   RO Data    RW Data    ZI Data      Debug   Library Member Name

        24          4          0          0          0         84   __2printf.o
        44          6          0          0          0         84   __2sprintf.o
        90          0          0          0          0          0   __dczerorl2.o
         8          0          0          0          0         68   __main.o
       392          4         17          0          0         92   __printf_flags_ss_wp.o
        14          0          0          0          0         68   __printf_wp.o
         0          0          0          0          0          0   __rtentry.o
        12          0          0          0          0          0   __rtentry2.o
         6          0          0          0          0          0   __rtentry4.o
        52          8          0          0          0          0   __scatter.o
        28          0          0          0          0          0   __scatter_zi.o
         6          0          0          0          0          0   _printf_a.o
         6          0          0          0          0          0   _printf_c.o
        44          0          0          0          0        108   _printf_char.o
        48          6          0          0          0         96   _printf_char_common.o
        36          4          0          0          0         80   _printf_char_file.o
        40          0          0          0          0         68   _printf_charcount.o
         6          0          0          0          0          0   _printf_d.o
       120         16          0          0          0         92   _printf_dec.o
         6          0          0          0          0          0   _printf_e.o
         6          0          0          0          0          0   _printf_f.o
      1054          0          0          0          0        216   _printf_fp_dec.o
       128         16          0          0          0         84   _printf_fp_infnan.o
         6          0          0          0          0          0   _printf_g.o
       148          4         40          0          0        160   _printf_hex_int_ll_ptr.o
         6          0          0          0          0          0   _printf_i.o
       178          0          0          0          0         88   _printf_intcommon.o
        10          0          0          0          0          0   _printf_l.o
         6          0          0          0          0          0   _printf_lc.o
        10          0          0          0          0          0   _printf_ll.o
         6          0          0          0          0          0   _printf_lld.o
         6          0          0          0          0          0   _printf_lli.o
         6          0          0          0          0          0   _printf_llo.o
         6          0          0          0          0          0   _printf_llu.o
         6          0          0          0          0          0   _printf_llx.o
       124         16          0          0          0         92   _printf_longlong_dec.o
         6          0          0          0          0          0   _printf_ls.o
         6          0          0          0          0          0   _printf_n.o
         6          0          0          0          0          0   _printf_o.o
       112         10          0          0          0        124   _printf_oct_int_ll.o
         6          0          0          0          0          0   _printf_p.o
        78          0          0          0          0        108   _printf_pad.o
         0          0          0          0          0          0   _printf_percent.o
         4          0          0          0          0          0   _printf_percent_end.o
         6          0          0          0          0          0   _printf_s.o
        82          0          0          0          0         80   _printf_str.o
        36          0          0          0          0         84   _printf_truncate.o
         6          0          0          0          0          0   _printf_u.o
        44          0          0          0          0        108   _printf_wchar.o
       188          6          8          0          0         92   _printf_wctomb.o
         6          0          0          0          0          0   _printf_x.o
        10          0          0          0          0         68   _sputc.o
        64          0          0          0          0         92   _wcrtomb.o
       228          4        148          0          0         96   bigflt0.o
      1936        128          0          0          0        672   btod.o
        24          4          0          0          0         84   c89printf.o
        18          0          0          0          0         80   exit.o
         8          0          0          0          0         68   ferror.o
         6          0          0          0          0        152   heapauxi.o
        44         10        272          0          0         76   lc_ctype_c.o
        44         10         28          0          0         76   lc_numeric_c.o
         2          0          0          0          0          0   libinit.o
        30          0          0          0          0          0   libinit2.o
         2          0          0          0          0          0   libshutdown.o
         2          0          0          0          0          0   libshutdown2.o
         8          4          0          0         96         68   libspace.o
       138          0          0          0          0         80   lludiv10.o
        16          4          0          0          0         76   rt_ctype_table.o
         8          4          0          0          0         68   rt_locale_intlibspace.o
        68          0          0          0          0         68   rt_memclr.o
        78          0          0          0          0         80   rt_memclr_w.o
         2          0          0          0          0          0   rtexit.o
        10          0          0          0          0          0   rtexit2.o
       128          0          0          0          0         68   strcmpv7m.o
        74          0          0          0          0         80   sys_stackheap_outer.o
         2          0          0          0          0         68   use_no_semi.o
         2          0          0          0          0         68   use_no_semi_2.o
        98          4          0          0          0         92   d2f.o
       826         16          0          0          0        348   daddsub_clz.o
        16          4          0          0          0         68   dcheck1.o
        24          0          0          0          0         68   dcmpi.o
       688        140          0          0          0        208   ddiv.o
       120          4          0          0          0         92   dleqf.o
       340         12          0          0          0        104   dmul.o
       156          4          0          0          0         92   dnaninf.o
        12          0          0          0          0         68   dretinf.o
       108          0          0          0          0         80   drleqf.o
        86          4          0          0          0         84   f2d.o
       450          8          0          0          0        236   faddsub_clz.o
        24          0          0          0          0         68   fcmpi.o
       388         76          0          0          0         96   fdiv.o
        62          4          0          0          0         84   ffixu.o
        86          0          0          0          0        136   fflt_clz.o
       104          4          0          0          0         84   fleqf.o
       258          4          0          0          0         84   fmul.o
       140          4          0          0          0         84   fnaninf.o
        10          0          0          0          0         68   fretinf.o
        98          0          0          0          0         68   frleqf.o
         4          0          0          0          0         68   printf1.o
       100          0          0          0          0         68   retnan.o
        92          0          0          0          0         68   scalbn.o
        48          0          0          0          0         68   trapv.o
         0          0          0          0          0          0   usenofp.o
       544         70        152          0          0        124   atan.o
        22          6          0          0          0        136   dunder.o
        40          0          0          0          0         68   fpclassify.o
       170          0          0          0          0         96   poly.o

    ----------------------------------------------------------------------
     11370        632        668          0        100       7272   Library Totals
        30          0          3          0          4          0   (incl. Padding)

    ----------------------------------------------------------------------

      Code (inc. data)   RO Data    RW Data    ZI Data      Debug   Library Name

      6226        268        513          0         96       4264   c_w.l
      4338        288          0          0          0       2584   fz_ws.l
       776         76        152          0          0        424   m_ws.l

    ----------------------------------------------------------------------
     11370        632        668          0        100       7272   Library Totals

    ----------------------------------------------------------------------

==============================================================================


      Code (inc. data)   RO Data    RW Data    ZI Data      Debug   

     22650       1270       3086        372       1836     247410   Grand Totals
     22650       1270       3086        212       1836     247410   ELF Image Totals (compressed)
     22650       1270       3086        212          0          0   ROM Totals

==============================================================================

    Total RO  Size (Code + RO Data)                25736 (  25.13kB)
    Total RW  Size (RW Data + ZI Data)              2208 (   2.16kB)
    Total ROM Size (Code + RO Data + RW Data)      25948 (  25.34kB)

==============================================================================

