<html>
<body>
<pre>
<h1>µVision Build Log</h1>
<h2>Tool Versions:</h2>
IDE-Version: ¦ÌVision V5.29.0.0
Copyright (C) 2019 ARM Ltd and ARM Germany GmbH. All rights reserved.
License Information: dsf Microsoft, Microsoft, LIC=RC9UH-WJT1R-0N1AM-XUYLU-W8ZHY-HUFVQ
 
Tool Versions:
Toolchain:       MDK-ARM Plus  Version: 5.29.0.0
Toolchain Path:  D:\kj7541\MDK5\ARM\ARMCC\Bin
C Compiler:      Armcc.exe V5.06 update 6 (build 750)
Assembler:       Armasm.exe V5.06 update 6 (build 750)
Linker/Locator:  ArmLink.exe V5.06 update 6 (build 750)
Library Manager: ArmAr.exe V5.06 update 6 (build 750)
Hex Converter:   FromElf.exe V5.06 update 6 (build 750)
CPU DLL:         SARMCM3.DLL V5.29.0.0
Dialog DLL:      DCM.DLL V1.17.3.0
Target DLL:      STLink\ST-LINKIII-KEIL_SWO.dll V3.0.7.0
Dialog DLL:      TARMSTM.DLL V1.66.0.0
 
<h2>Project:</h2>
F:\kj7541\data\1\remote\TEMP\Pro\TEMP.uvprojx
Project File Date:  03/24/2020

<h2>Output:</h2>
*** Using Compiler 'V5.06 update 6 (build 750)', folder: 'D:\kj7541\MDK5\ARM\ARMCC\Bin'
Build target 'Target 1'
compiling main.c...
..\sys\kalman.h(9): warning:  #1295-D: Deprecated declaration TIM1_ch1_init - give arg types
  void TIM1_ch1_init();
..\User\main.c(66): warning:  #167-D: argument of type "u8 *" is incompatible with parameter of type "const char *restrict"
  			printf(nrf_buf);
..\User\main.c(95): warning:  #128-D: loop is not reachable
  	while(!MPU_init())//MPU_init=0 MPU fail
..\User\main.c(19): warning:  #550-D: variable "temp"  was set but never used
  	u8 temp,nrf_buf[33];
..\User\main.c(20): warning:  #177-D: variable "j"  was declared but never referenced
  	u16 i,j;
..\User\main.c(21): warning:  #177-D: variable "a"  was declared but never referenced
  	u32 a;
..\User\main.c: 6 warnings, 0 errors
linking...
Program Size: Code=22650 RO-data=3086 RW-data=372 ZI-data=1836  
FromELF: creating hex file...
"..\Obj\TEMP.axf" - 0 Error(s), 6 Warning(s).

<h2>Software Packages used:</h2>

Package Vendor: Keil
                http://www.keil.com/pack/Keil.STM32F1xx_DFP.1.0.5.pack
                Keil.STM32F1xx_DFP.1.0.5
                STMicroelectronics STM32F1 Series Device Support, Drivers and Examples

<h2>Collection of Component include folders:</h2>
  .\RTE\_Target_1
  D:\kj7541\MDK5\ARM\PACK\Keil\STM32F1xx_DFP\1.0.5\Device\Include

<h2>Collection of Component Files used:</h2>
Build Time Elapsed:  00:00:01
</pre>
</body>
</html>
